0, -1, 64
1, -1, 64
2, -1, 64
3, -1, 64
4, -1, 64
5, -1, 64
6, -1, 64
7, -1, 64
8, -1, 64
9, -1, 64
10, -1, 64
11, -1, 72
12, -1, 64
13, -1, 64
14, -1, 64
15, -1, 72
16, -1, 64
17, -1, 72
18, -1, 64
19, -1, 64
20, -1, 64
21, -1, 72
22, -1, 64
23, -1, 64
24, -1, 64
25, -1, 72
26, -1, 64
27, -1, 64
28, -1, 64
29, -1, 72
30, -1, 64
31, -1, 64
32, -1, 64
33, -1, 72
34, -1, 64
35, -1, 64
36, -1, 64
37, -1, 72
38, -1, 64
39, -1, 64
40, -1, 64
41, -1, 72
42, -1, 64
43, -1, 64
44, -1, 64
45, -1, 72
46, -1, 64
47, -1, 64
48, -1, 64
49, -1, 72
50, -1, 64
51, -1, 64
52, -1, 64
53, -1, 72
54, -1, 64
55, -1, 64
56, -1, 64
57, -1, 72
58, -1, 64
59, -1, 64
60, -1, 64
61, -1, 72
62, -1, 64
63, -1, 64
64, -1, 64
65, -1, 72
66, -1, 64
67, -1, 64
68, -1, 64
69, -1, 64
70, -1, 64
71, -1, 64
72, -1, 64
73, -1, 64
74, -1, 64
75, -1, 64
76, -1, 64
77, -1, 64
78, -1, 64
79, -1, 72
80, -1, 64
81, -1, 64
82, -1, 64
83, -1, 72
84, -1, 64
85, -1, 64
86, -1, 64
87, -1, 72
88, -1, 64
89, -1, 64
90, -1, 64
91, -1, 72
92, -1, 64
93, -1, 64
94, -1, 64
95, -1, 72
96, -1, 64
97, -1, 64
98, -1, 64
99, -1, 72
100, -1, 64
101, -1, 64
102, -1, 64
103, -1, 72
104, -1, 64
105, -1, 64
106, -1, 64
107, -1, 72
108, -1, 64
109, -1, 64
110, -1, 64
111, -1, 72
112, -1, 64
113, -1, 64
114, -1, 64
115, -1, 72
116, -1, 64
117, -1, 64
118, -1, 64
119, -1, 72
120, -1, 64
121, -1, 64
122, -1, 64
123, -1, 72
124, -1, 64
125, -1, 64
126, -1, 64
127, -1, 72
128, -1, 64
129, -1, 64
130, -1, 64
131, -1, 72
132, -1, 64
133, -1, 64
134, -1, 64
135, -1, 72
136, -1, 64
137, -1, 64
138, -1, 64
139, -1, 72
140, -1, 64
141, -1, 64
142, -1, 64
143, -1, 72
144, -1, 64
145, -1, 64
146, -1, 64
147, -1, 72
148, -1, 64
149, -1, 64
150, -1, 64
151, -1, 72
152, -1, 64
153, -1, 64
154, -1, 64
155, -1, 72
156, -1, 64
157, -1, 64
158, -1, 64
159, -1, 72
160, -1, 64
161, -1, 64
162, -1, 64
163, -1, 72
164, -1, 64
165, -1, 64
166, -1, 64
167, -1, 72
168, -1, 64
169, -1, 64
170, -1, 64
171, -1, 72
172, -1, 64
173, -1, 64
174, -1, 64
175, -1, 72
176, -1, 64
177, -1, 64
178, -1, 64
179, -1, 72
180, -1, 64
181, -1, 64
182, -1, 64
183, -1, 72
184, -1, 64
185, -1, 64
186, -1, 64
187, -1, 72
188, -1, 64
189, -1, 64
190, -1, 64
191, -1, 72
192, -1, 64
193, -1, 64
194, -1, 64
195, -1, 72
196, -1, 64
197, -1, 64
198, -1, 64
199, -1, 72
200, -1, 64
201, -1, 64
202, -1, 64
203, -1, 72
204, -1, 64
205, -1, 64
206, -1, 64
207, -1, 72
208, -1, 64
209, -1, 64
210, -1, 64
211, -1, 72
212, -1, 64
213, -1, 64
214, -1, 64
215, -1, 72
216, -1, 64
217, -1, 64
218, -1, 64
219, -1, 72
220, -1, 64
221, -1, 64
222, -1, 64
223, -1, 72
224, -1, 64
225, -1, 64
226, -1, 64
227, -1, 72
228, -1, 64
229, -1, 64
230, -1, 64
231, -1, 72
232, -1, 64
233, -1, 64
234, -1, 64
235, -1, 72
236, -1, 64
237, -1, 64
238, -1, 64
239, -1, 72
240, -1, 64
241, -1, 64
242, -1, 64
243, -1, 72
244, -1, 64
245, -1, 64
246, -1, 64
247, -1, 72
248, -1, 64
249, -1, 64
250, -1, 64
251, -1, 72
252, -1, 64
253, -1, 64
254, -1, 64
255, -1, 72
256, -1, 64
257, -1, 64
258, -1, 64
259, -1, 72
260, -1, 64
261, -1, 64
262, -1, 64
263, -1, 72
264, -1, 64
265, -1, 64
266, -1, 64
267, -1, 72
268, -1, 64
269, -1, 64
270, -1, 64
271, -1, 72
272, -1, 64
273, -1, 64
274, -1, 64
275, -1, 72
276, -1, 64
277, -1, 64
278, -1, 64
279, -1, 72
280, -1, 64
281, -1, 64
282, -1, 64
283, -1, 72
284, -1, 64
285, -1, 64
286, -1, 64
287, -1, 72
288, -1, 64
289, -1, 64
290, -1, 64
291, -1, 72
292, -1, 64
293, -1, 64
294, -1, 64
295, -1, 72
296, -1, 64
297, -1, 64
298, -1, 64
299, -1, 72
300, -1, 64
301, -1, 64
302, -1, 64
303, -1, 72
304, -1, 64
305, -1, 64
306, -1, 64
307, -1, 72
308, -1, 64
309, -1, 64
310, -1, 64
311, -1, 72
312, -1, 64
313, -1, 64
314, -1, 64
315, -1, 72
316, -1, 64
317, -1, 64
318, -1, 64
319, -1, 72
320, -1, 64
321, -1, 64
322, -1, 64
323, -1, 72
324, -1, 64
325, -1, 64
326, -1, 64
327, -1, 72
328, -1, 64
329, -1, 64
330, -1, 64
331, -1, 72
332, -1, 64
333, -1, 64
334, -1, 64
335, -1, 72
336, -1, 64
337, -1, 64
338, -1, 64
339, -1, 72
340, -1, 64
341, -1, 64
342, -1, 64
343, -1, 72
344, -1, 64
345, -1, 64
346, -1, 64
347, -1, 72
348, -1, 64
349, -1, 64
350, -1, 64
351, -1, 72
352, -1, 64
353, -1, 64
354, -1, 64
355, -1, 72
356, -1, 64
357, -1, 64
358, -1, 64
359, -1, 72
360, -1, 64
361, -1, 64
362, -1, 64
363, -1, 72
364, -1, 64
365, -1, 64
366, -1, 64
367, -1, 72
368, -1, 64
369, -1, 64
370, -1, 64
371, -1, 72
372, -1, 64
373, -1, 64
374, -1, 64
375, -1, 72
376, -1, 64
377, -1, 64
378, -1, 64
379, -1, 72
380, -1, 64
381, -1, 64
382, -1, 64
383, -1, 72
384, -1, 64
385, -1, 64
386, -1, 64
387, -1, 72
388, -1, 64
389, -1, 64
390, -1, 64
391, -1, 72
392, -1, 64
393, -1, 64
394, -1, 64
395, -1, 72
396, -1, 64
397, -1, 64
398, -1, 64
399, -1, 72
400, -1, 64
401, -1, 64
402, -1, 64
403, -1, 72
404, -1, 64
405, -1, 64
406, -1, 64
407, -1, 72
408, -1, 64
409, -1, 64
410, -1, 64
411, -1, 72
412, -1, 64
413, -1, 64
414, -1, 64
415, -1, 72
416, -1, 64
417, -1, 64
418, -1, 64
419, -1, 72
420, -1, 64
421, -1, 64
422, -1, 64
423, -1, 72
424, -1, 64
425, -1, 64
426, -1, 64
427, -1, 72
428, -1, 64
429, -1, 64
430, -1, 64
431, -1, 72
432, -1, 64
433, -1, 64
434, -1, 64
435, -1, 72
436, -1, 64
437, -1, 64
438, -1, 64
439, -1, 72
440, -1, 64
441, -1, 64
442, -1, 64
443, -1, 72
444, -1, 64
445, -1, 64
446, -1, 64
447, -1, 72
448, -1, 64
449, -1, 64
450, -1, 64
451, -1, 72
452, -1, 64
453, -1, 64
454, -1, 64
455, -1, 72
456, -1, 64
457, -1, 64
458, -1, 64
459, -1, 72
460, -1, 64
461, -1, 64
462, -1, 64
463, -1, 72
464, -1, 64
465, -1, 64
466, -1, 64
467, -1, 72
468, -1, 64
469, -1, 64
470, -1, 64
471, -1, 72
472, -1, 64
473, -1, 64
474, -1, 64
475, -1, 72
476, -1, 64
477, -1, 64
478, -1, 64
479, -1, 72
480, -1, 64
481, -1, 64
482, -1, 64
483, -1, 72
484, -1, 64
485, -1, 64
486, -1, 64
487, -1, 72
488, -1, 64
489, -1, 64
490, -1, 64
491, -1, 72
492, -1, 64
493, -1, 64
494, -1, 64
495, -1, 72
496, -1, 64
497, -1, 64
498, -1, 64
499, -1, 72
500, -1, 64
501, -1, 64
502, -1, 64
503, -1, 72
504, -1, 64
505, -1, 64
506, -1, 64
507, -1, 72
508, -1, 64
509, -1, 64
510, -1, 64
511, -1, 72
512, -1, 64
513, -1, 64
514, -1, 64
515, -1, 72
516, -1, 64
517, -1, 64
518, -1, 64
519, -1, 72
520, -1, 64
521, -1, 64
522, -1, 64
523, -1, 72
524, -1, 64
525, -1, 64
526, -1, 64
527, -1, 72
528, -1, 64
529, -1, 64
530, -1, 64
531, -1, 72
532, -1, 64
533, -1, 64
534, -1, 64
535, -1, 72
536, -1, 64
537, -1, 64
538, -1, 64
539, -1, 72
540, -1, 64
541, -1, 64
542, -1, 64
543, -1, 72
544, -1, 64
545, -1, 64
546, -1, 64
547, -1, 72
548, -1, 64
549, -1, 64
550, -1, 64
551, -1, 72
552, -1, 64
553, -1, 64
554, -1, 64
555, -1, 72
556, -1, 64
557, -1, 64
558, -1, 64
559, -1, 72
560, -1, 64
561, -1, 64
562, -1, 64
563, -1, 72
564, -1, 64
565, -1, 64
566, -1, 64
567, -1, 72
568, -1, 64
569, -1, 64
570, -1, 64
571, -1, 72
572, -1, 64
573, -1, 64
574, -1, 64
575, -1, 72
576, -1, 64
577, -1, 72
578, -1, 64
579, -1, 64
580, -1, 64
581, -1, 64
582, -1, 64
583, -1, 64
584, -1, 64
585, -1, 72
586, -1, 64
587, -1, 64
588, -1, 64
589, -1, 72
590, -1, 64
591, -1, 64
592, -1, 64
593, -1, 72
594, -1, 64
595, -1, 64
596, -1, 64
597, -1, 72
598, -1, 64
599, -1, 64
600, -1, 64
601, -1, 72
602, -1, 64
603, -1, 64
604, -1, 64
605, -1, 72
606, -1, 64
607, -1, 64
608, -1, 64
609, -1, 72
610, -1, 64
611, -1, 64
612, -1, 64
613, -1, 72
614, -1, 64
615, -1, 64
616, -1, 64
617, -1, 72
618, -1, 64
619, -1, 64
620, -1, 64
621, -1, 72
622, -1, 64
623, -1, 64
624, -1, 64
625, -1, 72
626, -1, 64
627, -1, 64
628, -1, 64
629, -1, 72
630, -1, 64
631, -1, 64
632, -1, 64
633, -1, 72
634, -1, 64
635, -1, 64
636, -1, 64
637, -1, 72
638, -1, 64
639, -1, 64
640, -1, 64
641, -1, 72
642, -1, 64
643, -1, 64
644, -1, 64
645, -1, 72
646, -1, 64
647, -1, 64
648, -1, 64
649, -1, 72
650, -1, 64
651, -1, 64
652, -1, 64
653, -1, 72
654, -1, 64
655, -1, 64
656, -1, 64
657, -1, 72
658, -1, 64
659, -1, 64
660, -1, 64
661, -1, 72
662, -1, 64
663, -1, 64
664, -1, 64
665, -1, 72
666, -1, 64
667, -1, 64
668, -1, 64
669, -1, 72
670, -1, 64
671, -1, 64
672, -1, 64
673, -1, 72
674, -1, 64
675, -1, 64
676, -1, 64
677, -1, 72
678, -1, 64
679, -1, 64
680, -1, 64
681, -1, 72
682, -1, 64
683, -1, 64
684, -1, 64
685, -1, 72
686, -1, 64
687, -1, 64
688, -1, 64
689, -1, 72
690, -1, 64
691, -1, 64
692, -1, 64
693, -1, 72
694, -1, 64
695, -1, 64
696, -1, 64
697, -1, 72
698, -1, 64
699, -1, 64
700, -1, 64
701, -1, 72
702, -1, 64
703, -1, 64
704, -1, 64
705, -1, 72
706, -1, 64
707, -1, 64
708, -1, 64
709, -1, 72
710, -1, 64
711, -1, 64
712, -1, 64
713, -1, 72
714, -1, 64
715, -1, 64
716, -1, 64
717, -1, 72
718, -1, 64
719, -1, 64
720, -1, 64
721, -1, 72
722, -1, 64
723, -1, 64
724, -1, 64
725, -1, 72
726, -1, 64
727, -1, 64
728, -1, 64
729, -1, 72
730, -1, 64
731, -1, 64
732, -1, 64
733, -1, 72
734, -1, 64
735, -1, 64
736, -1, 64
737, -1, 72
738, -1, 64
739, -1, 64
740, -1, 64
741, -1, 72
742, -1, 64
743, -1, 64
744, -1, 64
745, -1, 72
746, -1, 64
747, -1, 64
748, -1, 64
749, -1, 72
750, -1, 64
751, -1, 64
752, -1, 64
753, -1, 72
754, -1, 64
755, -1, 64
756, -1, 64
757, -1, 72
758, -1, 64
759, -1, 64
760, -1, 64
761, -1, 72
762, -1, 64
763, -1, 64
764, -1, 64
765, -1, 72
766, -1, 64
767, -1, 64
768, -1, 64
769, -1, 72
770, -1, 64
771, -1, 64
772, -1, 64
773, -1, 72
774, -1, 64
775, -1, 64
776, -1, 64
777, -1, 72
778, -1, 64
779, -1, 64
780, -1, 64
781, -1, 72
782, -1, 64
783, -1, 64
784, -1, 64
785, -1, 72
786, -1, 64
787, -1, 64
788, -1, 64
789, -1, 72
790, -1, 64
791, -1, 64
792, -1, 64
793, -1, 72
794, -1, 64
795, -1, 64
796, -1, 64
797, -1, 72
798, -1, 64
799, -1, 64
800, -1, 64
801, -1, 72
802, -1, 64
803, -1, 64
804, -1, 64
805, -1, 72
806, -1, 64
807, -1, 64
808, -1, 64
809, -1, 72
810, -1, 64
811, -1, 64
812, -1, 64
813, -1, 72
814, -1, 64
815, -1, 64
816, -1, 64
817, -1, 72
818, -1, 64
819, -1, 64
820, -1, 64
821, -1, 72
822, -1, 64
823, -1, 64
824, -1, 64
825, -1, 72
826, -1, 64
827, -1, 64
828, -1, 64
829, -1, 72
830, -1, 64
831, -1, 64
832, -1, 64
833, -1, 72
834, -1, 64
835, -1, 64
836, -1, 64
837, -1, 72
838, -1, 64
839, -1, 64
840, -1, 64
841, -1, 72
842, -1, 64
843, -1, 64
844, -1, 64
845, -1, 72
846, -1, 64
847, -1, 64
848, -1, 64
849, -1, 72
850, -1, 64
851, -1, 64
852, -1, 64
853, -1, 72
854, -1, 64
855, -1, 64
856, -1, 64
857, -1, 72
858, -1, 64
859, -1, 64
860, -1, 64
861, -1, 72
862, -1, 64
863, -1, 64
864, -1, 64
865, -1, 72
866, -1, 64
867, -1, 64
868, -1, 64
869, -1, 72
870, -1, 64
871, -1, 64
872, -1, 64
873, -1, 72
874, -1, 64
875, -1, 64
876, -1, 64
877, -1, 72
878, -1, 64
879, -1, 64
880, -1, 64
881, -1, 72
882, -1, 64
883, -1, 64
884, -1, 64
885, -1, 72
886, -1, 64
887, -1, 64
888, -1, 64
889, -1, 72
890, -1, 64
891, -1, 64
892, -1, 64
893, -1, 72
894, -1, 64
895, -1, 64
896, -1, 64
897, -1, 72
898, -1, 64
899, -1, 64
900, -1, 64
901, -1, 72
902, -1, 64
903, -1, 64
904, -1, 64
905, -1, 72
906, -1, 64
907, -1, 64
908, -1, 64
909, -1, 72
910, -1, 64
911, -1, 64
912, -1, 64
913, -1, 72
914, -1, 64
915, -1, 64
916, -1, 64
917, -1, 72
918, -1, 64
919, -1, 64
920, -1, 64
921, -1, 72
922, -1, 64
923, -1, 64
924, -1, 64
925, -1, 72
926, -1, 64
927, -1, 64
928, -1, 64
929, -1, 72
930, -1, 64
931, -1, 64
932, -1, 64
933, -1, 72
934, -1, 64
935, -1, 64
936, -1, 64
937, -1, 72
938, -1, 64
939, -1, 64
940, -1, 64
941, -1, 72
942, -1, 64
943, -1, 64
944, -1, 64
945, -1, 72
946, -1, 64
947, -1, 64
948, -1, 64
949, -1, 72
950, -1, 64
951, -1, 64
952, -1, 64
953, -1, 72
954, -1, 64
955, -1, 64
956, -1, 64
957, -1, 72
958, -1, 64
959, -1, 64
960, -1, 64
961, -1, 72
962, -1, 64
963, -1, 64
964, -1, 64
965, -1, 72
966, -1, 64
967, -1, 64
968, -1, 64
969, -1, 72
970, -1, 64
971, -1, 64
972, -1, 64
973, -1, 72
974, -1, 64
975, -1, 64
976, -1, 64
977, -1, 72
978, -1, 64
979, -1, 64
980, -1, 64
981, -1, 72
982, -1, 64
983, -1, 64
984, -1, 64
985, -1, 72
986, -1, 64
987, -1, 64
988, -1, 64
989, -1, 72
990, -1, 64
991, -1, 64
992, -1, 64
993, -1, 72
994, -1, 64
995, -1, 64
996, -1, 64
997, -1, 72
998, -1, 64
999, -1, 64
1000, -1, 64
1001, -1, 72
1002, -1, 64
1003, -1, 64
1004, -1, 64
1005, -1, 72
1006, -1, 64
1007, -1, 64
1008, -1, 64
1009, -1, 72
1010, -1, 64
1011, -1, 64
1012, -1, 64
1013, -1, 72
1014, -1, 64
1015, -1, 64
1016, -1, 64
1017, -1, 72
1018, -1, 64
1019, -1, 64
1020, -1, 64
1021, -1, 72
1022, -1, 64
1023, -1, 64
