0, 0, 45
1, 0, 30
2, 0, 45
3, 0, 45
4, 0, 30
5, 0, 30
6, 0, 45
7, 0, 30
8, 0, 45
9, 0, 45
10, 0, 45
11, 0, 30
12, 0, 45
13, 0, 45
14, 0, 30
15, 0, 30
16, 0, 45
17, 0, 45
18, 0, 30
19, 0, 45
20, 0, 45
21, 0, 30
22, 0, 30
23, 0, 45
24, 0, 45
25, 0, 30
26, 0, 45
27, 0, 45
28, 0, 45
29, 0, 30
30, 0, 45
31, 0, 45
32, 0, 30
33, 0, 30
34, 0, 45
35, 0, 45
36, 0, 30
37, 0, 45
38, 0, 45
39, 0, 30
40, 0, 30
41, 0, 45
42, 0, 45
43, 0, 30
44, 0, 45
45, 0, 45
46, 0, 30
47, 0, 30
48, 0, 45
49, 0, 45
50, 0, 30
51, 0, 45
52, 0, 45
53, 0, 30
54, 0, 30
55, 0, 45
56, 0, 45
57, 0, 30
58, 0, 45
59, 0, 45
60, 0, 45
61, 0, 30
62, 0, 45
63, 0, 45
64, 0, 30
65, 0, 30
66, 0, 45
67, 0, 45
68, 0, 30
69, 0, 45
70, 0, 45
71, 0, 30
72, 0, 30
73, 0, 45
74, 0, 45
75, 0, 30
76, 0, 45
77, 0, 45
78, 0, 30
79, 0, 30
80, 0, 45
81, 0, 45
82, 0, 30
83, 0, 45
84, 0, 45
85, 0, 30
86, 0, 30
87, 0, 45
88, 0, 45
89, 0, 30
90, 0, 45
91, 0, 45
92, 0, 45
93, 0, 30
94, 0, 45
95, 0, 45
96, 0, 30
97, 0, 30
98, 0, 45
99, 0, 45
100, 0, 30
101, 0, 45
102, 0, 45
103, 0, 30
104, 0, 30
105, 0, 45
106, 0, 45
107, 0, 30
108, 0, 45
109, 0, 45
110, 0, 30
111, 0, 30
112, 0, 45
113, 0, 45
114, 0, 30
115, 0, 45
116, 0, 45
117, 0, 30
118, 0, 30
119, 0, 45
120, 0, 45
121, 0, 30
122, 0, 45
123, 0, 45
124, 0, 45
125, 0, 30
126, 0, 45
127, 0, 45
128, 0, 30
129, 0, 30
130, 0, 45
131, 0, 45
132, 0, 30
133, 0, 45
134, 0, 45
135, 0, 30
136, 0, 30
137, 0, 45
138, 0, 45
139, 0, 30
140, 0, 45
141, 0, 45
142, 0, 30
143, 0, 30
144, 0, 45
145, 0, 45
146, 0, 30
147, 0, 45
148, 0, 45
149, 0, 30
150, 0, 30
151, 0, 45
152, 0, 45
153, 0, 30
154, 0, 45
155, 0, 45
156, 0, 45
157, 0, 30
158, 0, 45
159, 0, 45
160, 0, 30
161, 0, 30
162, 0, 45
163, 0, 45
164, 0, 30
165, 0, 45
166, 0, 45
167, 0, 30
168, 0, 30
169, 0, 45
170, 0, 45
171, 0, 30
172, 0, 45
173, 0, 45
174, 0, 30
175, 0, 30
176, 0, 45
177, 0, 45
178, 0, 30
179, 0, 45
180, 0, 45
181, 0, 30
182, 0, 30
183, 0, 45
184, 0, 45
185, 0, 30
186, 0, 45
187, 0, 45
188, 0, 45
189, 0, 30
190, 0, 45
191, 0, 45
192, 0, 30
193, 0, 30
194, 0, 45
195, 0, 45
196, 0, 30
197, 0, 45
198, 0, 45
199, 0, 30
200, 0, 30
201, 0, 45
202, 0, 45
203, 0, 30
204, 0, 45
205, 0, 45
206, 0, 30
207, 0, 30
208, 0, 45
209, 0, 45
210, 0, 30
211, 0, 45
212, 0, 45
213, 0, 30
214, 0, 30
215, 0, 45
216, 0, 45
217, 0, 30
218, 0, 45
219, 0, 45
220, 0, 45
221, 0, 30
222, 0, 45
223, 0, 45
224, 0, 30
225, 0, 30
226, 0, 45
227, 0, 45
228, 0, 30
229, 0, 45
230, 0, 45
231, 0, 30
232, 0, 30
233, 0, 45
234, 0, 45
235, 0, 30
236, 0, 45
237, 0, 45
238, 0, 30
239, 0, 30
240, 0, 45
241, 0, 45
242, 0, 30
243, 0, 45
244, 0, 45
245, 0, 30
246, 0, 30
247, 0, 90
248, 0, 30
249, 0, 45
250, 0, 45
251, 0, 30
252, 0, 30
253, 0, 45
254, 0, 45
255, 0, 30
256, 0, 45
257, 0, 45
258, 0, 30
259, 0, 30
260, 0, 45
261, 0, 45
262, 0, 30
263, 0, 45
264, 0, 45
265, 0, 45
266, 0, 30
267, 0, 45
268, 0, 45
269, 0, 30
270, 0, 30
271, 0, 45
272, 0, 45
273, 0, 30
274, 0, 45
275, 0, 45
276, 0, 30
277, 0, 30
278, 0, 45
279, 0, 45
280, 0, 30
281, 0, 45
282, 0, 45
283, 0, 30
284, 0, 30
285, 0, 45
286, 0, 45
287, 0, 30
288, 0, 45
289, 0, 45
290, 0, 30
291, 0, 30
292, 0, 45
293, 0, 45
294, 0, 30
295, 0, 45
296, 0, 45
297, 0, 45
298, 0, 30
299, 0, 45
300, 0, 45
301, 0, 30
302, 0, 30
303, 0, 45
304, 0, 45
305, 0, 30
306, 0, 45
307, 0, 45
308, 0, 30
309, 0, 30
310, 0, 45
311, 0, 45
312, 0, 30
313, 0, 45
314, 0, 45
315, 0, 30
316, 0, 30
317, 0, 45
318, 0, 45
319, 0, 30
320, 0, 45
321, 0, 45
322, 0, 30
323, 0, 30
324, 0, 45
325, 0, 45
326, 0, 30
327, 0, 45
328, 0, 45
329, 0, 45
330, 0, 30
331, 0, 45
332, 0, 45
333, 0, 30
334, 0, 30
335, 0, 45
336, 0, 45
337, 0, 30
338, 0, 45
339, 0, 45
340, 0, 30
341, 0, 30
342, 0, 45
343, 0, 45
344, 0, 30
345, 0, 45
346, 0, 45
347, 0, 30
348, 0, 30
349, 0, 45
350, 0, 45
351, 0, 30
352, 0, 45
353, 0, 45
354, 0, 30
355, 0, 30
356, 0, 45
357, 0, 45
358, 0, 30
359, 0, 45
360, 0, 45
361, 0, 45
362, 0, 30
363, 0, 45
364, 0, 45
365, 0, 30
366, 0, 30
367, 0, 45
368, 0, 45
369, 0, 30
370, 0, 45
371, 0, 45
372, 0, 30
373, 0, 30
374, 0, 45
375, 0, 45
376, 0, 30
377, 0, 45
378, 0, 45
379, 0, 30
380, 0, 30
381, 0, 45
382, 0, 45
383, 0, 30
384, 0, 45
385, 0, 45
386, 0, 30
387, 0, 30
388, 0, 45
389, 0, 45
390, 0, 30
391, 0, 45
392, 0, 45
393, 0, 45
394, 0, 30
395, 0, 45
396, 0, 45
397, 0, 30
398, 0, 30
399, 0, 45
400, 0, 45
401, 0, 30
402, 0, 45
403, 0, 45
404, 0, 30
405, 0, 30
406, 0, 45
407, 0, 45
408, 0, 30
409, 0, 45
410, 0, 45
411, 0, 30
412, 0, 30
413, 0, 45
414, 0, 45
415, 0, 30
416, 0, 45
417, 0, 45
418, 0, 30
419, 0, 30
420, 0, 45
421, 0, 45
422, 0, 30
423, 0, 45
424, 0, 45
425, 0, 45
426, 0, 30
427, 0, 45
428, 0, 45
429, 0, 30
430, 0, 30
431, 0, 45
432, 0, 45
433, 0, 30
434, 0, 45
435, 0, 45
436, 0, 30
437, 0, 30
438, 0, 45
439, 0, 45
440, 0, 30
441, 0, 45
442, 0, 45
443, 0, 30
444, 0, 30
445, 0, 45
446, 0, 45
447, 0, 30
448, 0, 45
449, 0, 45
450, 0, 30
451, 0, 30
452, 0, 45
453, 0, 45
454, 0, 30
455, 0, 45
456, 0, 45
457, 0, 45
458, 0, 30
459, 0, 45
460, 0, 45
461, 0, 30
462, 0, 30
463, 0, 45
464, 0, 45
465, 0, 30
466, 0, 45
467, 0, 45
468, 0, 30
469, 0, 30
470, 0, 45
471, 0, 45
472, 0, 30
473, 0, 45
474, 0, 45
475, 0, 30
476, 0, 30
477, 0, 45
478, 0, 45
479, 0, 30
480, 0, 45
481, 0, 45
482, 0, 30
483, 0, 30
484, 0, 45
485, 0, 45
486, 0, 30
487, 0, 45
488, 0, 45
489, 0, 45
490, 0, 30
491, 0, 45
492, 0, 45
493, 0, 30
494, 0, 30
495, 0, 45
496, 0, 45
497, 0, 30
498, 0, 45
499, 0, 45
500, 0, 30
501, 0, 30
502, 0, 45
503, 0, 45
504, 0, 30
505, 0, 45
506, 0, 45
507, 0, 30
508, 0, 30
509, 0, 45
510, 0, 45
511, 0, 30
512, 0, 45
513, 0, 45
514, 0, 30
515, 0, 30
516, 0, 45
517, 0, 45
518, 0, 30
519, 0, 45
520, 0, 45
521, 0, 30
522, 0, 45
523, 0, 45
524, 0, 45
525, 0, 30
526, 0, 45
527, 0, 45
528, 0, 30
529, 0, 30
530, 0, 45
531, 0, 45
532, 0, 30
533, 0, 45
534, 0, 45
535, 0, 30
536, 0, 30
537, 0, 45
538, 0, 45
539, 0, 30
540, 0, 45
541, 0, 45
542, 0, 30
543, 0, 30
544, 0, 45
545, 0, 45
546, 0, 30
547, 0, 45
548, 0, 45
549, 0, 45
550, 0, 30
551, 0, 45
552, 0, 45
553, 0, 30
554, 0, 30
555, 0, 45
556, 0, 45
557, 0, 30
558, 0, 45
559, 0, 45
560, 0, 30
561, 0, 30
562, 0, 45
563, 0, 45
564, 0, 30
565, 0, 45
566, 0, 45
567, 0, 30
568, 0, 30
569, 0, 45
570, 0, 45
571, 0, 30
572, 0, 45
573, 0, 45
574, 0, 30
575, 0, 30
576, 0, 45
577, 0, 45
578, 0, 30
579, 0, 45
580, 0, 45
581, 0, 45
582, 0, 30
583, 0, 45
584, 0, 45
585, 0, 30
586, 0, 30
587, 0, 45
588, 0, 45
589, 0, 30
590, 0, 45
591, 0, 45
592, 0, 30
593, 0, 30
594, 0, 45
595, 0, 45
596, 0, 30
597, 0, 45
598, 0, 45
599, 0, 30
600, 0, 30
601, 0, 45
602, 0, 45
603, 0, 30
604, 0, 45
605, 0, 45
606, 0, 30
607, 0, 30
608, 0, 45
609, 0, 45
610, 0, 30
611, 0, 45
612, 0, 45
613, 0, 45
614, 0, 30
615, 0, 45
616, 0, 45
617, 0, 30
618, 0, 30
619, 0, 45
620, 0, 45
621, 0, 30
622, 0, 45
623, 0, 45
624, 0, 30
625, 0, 30
626, 0, 45
627, 0, 45
628, 0, 30
629, 0, 45
630, 0, 45
631, 0, 30
632, 0, 30
633, 0, 45
634, 0, 45
635, 0, 30
636, 0, 45
637, 0, 45
638, 0, 30
639, 0, 30
640, 0, 45
641, 0, 45
642, 0, 30
643, 0, 45
644, 0, 45
645, 0, 45
646, 0, 30
647, 0, 45
648, 0, 45
649, 0, 30
650, 0, 30
651, 0, 45
652, 0, 45
653, 0, 30
654, 0, 45
655, 0, 45
656, 0, 30
657, 0, 30
658, 0, 45
659, 0, 45
660, 0, 30
661, 0, 45
662, 0, 45
663, 0, 30
664, 0, 30
665, 0, 45
666, 0, 45
667, 0, 30
668, 0, 45
669, 0, 45
670, 0, 30
671, 0, 30
672, 0, 45
673, 0, 45
674, 0, 30
675, 0, 45
676, 0, 45
677, 0, 45
678, 0, 30
679, 0, 45
680, 0, 45
681, 0, 30
682, 0, 30
683, 0, 45
684, 0, 45
685, 0, 30
686, 0, 45
687, 0, 45
688, 0, 30
689, 0, 30
690, 0, 45
691, 0, 45
692, 0, 30
693, 0, 45
694, 0, 45
695, 0, 30
696, 0, 30
697, 0, 45
698, 0, 45
699, 0, 30
700, 0, 45
701, 0, 45
702, 0, 30
703, 0, 30
704, 0, 45
705, 0, 45
706, 0, 30
707, 0, 45
708, 0, 45
709, 0, 45
710, 0, 30
711, 0, 45
712, 0, 45
713, 0, 30
714, 0, 30
715, 0, 45
716, 0, 45
717, 0, 30
718, 0, 45
719, 0, 45
720, 0, 30
721, 0, 30
722, 0, 45
723, 0, 45
724, 0, 30
725, 0, 45
726, 0, 45
727, 0, 30
728, 0, 30
729, 0, 45
730, 0, 45
731, 0, 30
732, 0, 45
733, 0, 45
734, 0, 30
735, 0, 30
736, 0, 45
737, 0, 45
738, 0, 30
739, 0, 45
740, 0, 45
741, 0, 45
742, 0, 30
743, 0, 45
744, 0, 45
745, 0, 30
746, 0, 30
747, 0, 45
748, 0, 45
749, 0, 30
750, 0, 45
751, 0, 45
752, 0, 30
753, 0, 30
754, 0, 45
755, 0, 45
756, 0, 30
757, 0, 45
758, 0, 45
759, 0, 90
760, 0, 30
761, 0, 45
762, 0, 45
763, 0, 30
764, 0, 45
765, 0, 45
766, 0, 30
767, 0, 30
768, 0, 45
769, 0, 45
770, 0, 30
771, 0, 45
772, 0, 45
773, 0, 45
774, 0, 30
775, 0, 45
776, 0, 45
777, 0, 30
778, 0, 30
779, 0, 45
780, 0, 45
781, 0, 30
782, 0, 45
783, 0, 45
784, 0, 30
785, 0, 30
786, 0, 45
787, 0, 45
788, 0, 30
789, 0, 45
790, 0, 45
791, 0, 30
792, 0, 30
793, 0, 45
794, 0, 45
795, 0, 30
796, 0, 45
797, 0, 45
798, 0, 30
799, 0, 30
800, 0, 45
801, 0, 45
802, 0, 30
803, 0, 45
804, 0, 45
805, 0, 45
806, 0, 30
807, 0, 45
808, 0, 45
809, 0, 30
810, 0, 30
811, 0, 45
812, 0, 45
813, 0, 30
814, 0, 45
815, 0, 45
816, 0, 30
817, 0, 30
818, 0, 45
819, 0, 45
820, 0, 30
821, 0, 45
822, 0, 45
823, 0, 30
824, 0, 30
825, 0, 45
826, 0, 45
827, 0, 30
828, 0, 45
829, 0, 45
830, 0, 30
831, 0, 30
832, 0, 45
833, 0, 45
834, 0, 30
835, 0, 45
836, 0, 45
837, 0, 45
838, 0, 30
839, 0, 45
840, 0, 45
841, 0, 30
842, 0, 30
843, 0, 45
844, 0, 45
845, 0, 30
846, 0, 45
847, 0, 45
848, 0, 30
849, 0, 30
850, 0, 45
851, 0, 45
852, 0, 30
853, 0, 45
854, 0, 45
855, 0, 30
856, 0, 30
857, 0, 45
858, 0, 45
859, 0, 30
860, 0, 45
861, 0, 45
862, 0, 30
863, 0, 30
864, 0, 45
865, 0, 45
866, 0, 30
867, 0, 45
868, 0, 45
869, 0, 45
870, 0, 30
871, 0, 45
872, 0, 45
873, 0, 30
874, 0, 30
875, 0, 45
876, 0, 45
877, 0, 30
878, 0, 45
879, 0, 45
880, 0, 30
881, 0, 30
882, 0, 45
883, 0, 45
884, 0, 30
885, 0, 45
886, 0, 45
887, 0, 30
888, 0, 30
889, 0, 45
890, 0, 45
891, 0, 30
892, 0, 45
893, 0, 45
894, 0, 30
895, 0, 30
896, 0, 45
897, 0, 45
898, 0, 30
899, 0, 45
900, 0, 45
901, 0, 45
902, 0, 30
903, 0, 45
904, 0, 45
905, 0, 30
906, 0, 30
907, 0, 45
908, 0, 45
909, 0, 30
910, 0, 45
911, 0, 45
912, 0, 30
913, 0, 30
914, 0, 45
915, 0, 45
916, 0, 30
917, 0, 45
918, 0, 45
919, 0, 30
920, 0, 30
921, 0, 45
922, 0, 45
923, 0, 30
924, 0, 45
925, 0, 45
926, 0, 30
927, 0, 30
928, 0, 45
929, 0, 45
930, 0, 30
931, 0, 45
932, 0, 45
933, 0, 45
934, 0, 30
935, 0, 45
936, 0, 45
937, 0, 30
938, 0, 30
939, 0, 45
940, 0, 45
941, 0, 30
942, 0, 45
943, 0, 45
944, 0, 30
945, 0, 30
946, 0, 45
947, 0, 45
948, 0, 30
949, 0, 45
950, 0, 45
951, 0, 30
952, 0, 30
953, 0, 45
954, 0, 45
955, 0, 30
956, 0, 45
957, 0, 45
958, 0, 30
959, 0, 30
960, 0, 45
961, 0, 45
962, 0, 30
963, 0, 45
964, 0, 45
965, 0, 45
966, 0, 30
967, 0, 45
968, 0, 45
969, 0, 30
970, 0, 30
971, 0, 45
972, 0, 45
973, 0, 30
974, 0, 45
975, 0, 45
976, 0, 30
977, 0, 30
978, 0, 45
979, 0, 45
980, 0, 30
981, 0, 45
982, 0, 45
983, 0, 30
984, 0, 30
985, 0, 45
986, 0, 45
987, 0, 30
988, 0, 45
989, 0, 45
990, 0, 30
991, 0, 30
992, 0, 45
993, 0, 45
994, 0, 30
995, 0, 45
996, 0, 45
997, 0, 45
998, 0, 30
999, 0, 45
1000, 0, 45
1001, 0, 30
1002, 0, 30
1003, 0, 45
1004, 0, 45
1005, 0, 30
1006, 0, 45
1007, 0, 45
1008, 0, 30
1009, 0, 30
1010, 0, 45
1011, 0, 45
1012, 0, 30
1013, 0, 45
1014, 0, 45
1015, 0, 30
1016, 0, 30
1017, 0, 45
1018, 0, 45
1019, 0, 30
1020, 0, 45
1021, 0, 45
1022, 0, 30
1023, 0, 30
