0, 0, 75
1, 0, 45
2, 0, 45
3, 0, 45
4, 0, 45
5, 0, 30
6, 0, 30
7, 0, 45
8, 0, 45
9, 0, 30
10, 0, 30
11, 0, 45
12, 0, 45
13, 0, 45
14, 0, 45
15, 0, 30
16, 0, 30
17, 0, 45
18, 0, 45
19, 0, 45
20, 0, 30
21, 0, 30
22, 0, 45
23, 0, 45
24, 0, 45
25, 0, 45
26, 0, 30
27, 0, 45
28, 0, 45
29, 0, 45
30, 0, 45
31, 0, 30
32, 0, 30
33, 0, 45
34, 0, 45
35, 0, 45
36, 0, 30
37, 0, 30
38, 0, 45
39, 0, 45
40, 0, 45
41, 0, 45
42, 0, 30
43, 0, 45
44, 0, 45
45, 0, 45
46, 0, 45
47, 0, 30
48, 0, 30
49, 0, 45
50, 0, 45
51, 0, 45
52, 0, 30
53, 0, 30
54, 0, 45
55, 0, 45
56, 0, 45
57, 0, 45
58, 0, 30
59, 0, 45
60, 0, 45
61, 0, 45
62, 0, 60
63, 0, 30
64, 0, 45
65, 0, 45
66, 0, 45
67, 0, 45
68, 0, 30
69, 0, 30
70, 0, 45
71, 0, 45
72, 0, 45
73, 0, 30
74, 0, 30
75, 0, 45
76, 0, 45
77, 0, 45
78, 0, 45
79, 0, 30
80, 0, 45
81, 0, 45
82, 0, 45
83, 0, 45
84, 0, 30
85, 0, 30
86, 0, 45
87, 0, 45
88, 0, 45
89, 0, 30
90, 0, 30
91, 0, 45
92, 0, 45
93, 0, 45
94, 0, 45
95, 0, 30
96, 0, 45
97, 0, 45
98, 0, 45
99, 0, 45
100, 0, 30
101, 0, 30
102, 0, 45
103, 0, 45
104, 0, 45
105, 0, 30
106, 0, 30
107, 0, 45
108, 0, 45
109, 0, 45
110, 0, 45
111, 0, 30
112, 0, 45
113, 0, 45
114, 0, 45
115, 0, 45
116, 0, 30
117, 0, 30
118, 0, 45
119, 0, 45
120, 0, 45
121, 0, 30
122, 0, 30
123, 0, 45
124, 0, 45
125, 0, 45
126, 0, 45
127, 0, 30
128, 0, 45
129, 0, 45
130, 0, 45
131, 0, 45
132, 0, 30
133, 0, 45
134, 0, 45
135, 0, 45
136, 0, 45
137, 0, 30
138, 0, 30
139, 0, 45
140, 0, 45
141, 0, 45
142, 0, 30
143, 0, 30
144, 0, 45
145, 0, 45
146, 0, 45
147, 0, 45
148, 0, 30
149, 0, 45
150, 0, 45
151, 0, 45
152, 0, 45
153, 0, 30
154, 0, 30
155, 0, 45
156, 0, 45
157, 0, 45
158, 0, 30
159, 0, 30
160, 0, 45
161, 0, 45
162, 0, 45
163, 0, 45
164, 0, 30
165, 0, 45
166, 0, 45
167, 0, 45
168, 0, 45
169, 0, 30
170, 0, 30
171, 0, 45
172, 0, 45
173, 0, 45
174, 0, 30
175, 0, 30
176, 0, 45
177, 0, 45
178, 0, 45
179, 0, 45
180, 0, 30
181, 0, 45
182, 0, 45
183, 0, 45
184, 0, 45
185, 0, 30
186, 0, 30
187, 0, 45
188, 0, 45
189, 0, 45
190, 0, 45
191, 0, 30
192, 0, 45
193, 0, 45
194, 0, 45
195, 0, 30
196, 0, 30
197, 0, 45
198, 0, 45
199, 0, 45
200, 0, 45
201, 0, 30
202, 0, 45
203, 0, 45
204, 0, 45
205, 0, 45
206, 0, 30
207, 0, 30
208, 0, 45
209, 0, 45
210, 0, 45
211, 0, 30
212, 0, 30
213, 0, 45
214, 0, 45
215, 0, 45
216, 0, 45
217, 0, 30
218, 0, 45
219, 0, 45
220, 0, 45
221, 0, 45
222, 0, 30
223, 0, 30
224, 0, 45
225, 0, 45
226, 0, 45
227, 0, 30
228, 0, 30
229, 0, 45
230, 0, 45
231, 0, 45
232, 0, 45
233, 0, 30
234, 0, 45
235, 0, 45
236, 0, 45
237, 0, 45
238, 0, 30
239, 0, 30
240, 0, 45
241, 0, 45
242, 0, 45
243, 0, 30
244, 0, 30
245, 0, 45
246, 0, 45
247, 0, 45
248, 0, 45
249, 0, 105
250, 0, 45
251, 0, 45
252, 0, 45
253, 0, 45
254, 0, 60
255, 0, 45
256, 0, 45
257, 0, 45
258, 0, 30
259, 0, 30
260, 0, 45
261, 0, 45
262, 0, 45
263, 0, 30
264, 0, 30
265, 0, 45
266, 0, 45
267, 0, 45
268, 0, 45
269, 0, 30
270, 0, 45
271, 0, 45
272, 0, 45
273, 0, 45
274, 0, 30
275, 0, 30
276, 0, 45
277, 0, 45
278, 0, 45
279, 0, 30
280, 0, 30
281, 0, 45
282, 0, 45
283, 0, 45
284, 0, 45
285, 0, 30
286, 0, 45
287, 0, 45
288, 0, 45
289, 0, 45
290, 0, 30
291, 0, 30
292, 0, 45
293, 0, 45
294, 0, 45
295, 0, 30
296, 0, 30
297, 0, 45
298, 0, 45
299, 0, 45
300, 0, 45
301, 0, 30
302, 0, 45
303, 0, 45
304, 0, 45
305, 0, 45
306, 0, 30
307, 0, 30
308, 0, 45
309, 0, 45
310, 0, 45
311, 0, 30
312, 0, 30
313, 0, 45
314, 0, 45
315, 0, 45
316, 0, 45
317, 0, 30
318, 0, 60
319, 0, 45
320, 0, 45
321, 0, 45
322, 0, 30
323, 0, 45
324, 0, 45
325, 0, 45
326, 0, 45
327, 0, 30
328, 0, 30
329, 0, 45
330, 0, 45
331, 0, 45
332, 0, 30
333, 0, 30
334, 0, 45
335, 0, 45
336, 0, 45
337, 0, 45
338, 0, 30
339, 0, 45
340, 0, 45
341, 0, 45
342, 0, 45
343, 0, 30
344, 0, 30
345, 0, 45
346, 0, 45
347, 0, 45
348, 0, 30
349, 0, 30
350, 0, 45
351, 0, 45
352, 0, 45
353, 0, 45
354, 0, 30
355, 0, 45
356, 0, 45
357, 0, 45
358, 0, 45
359, 0, 30
360, 0, 30
361, 0, 45
362, 0, 45
363, 0, 45
364, 0, 30
365, 0, 30
366, 0, 45
367, 0, 45
368, 0, 45
369, 0, 45
370, 0, 30
371, 0, 45
372, 0, 45
373, 0, 45
374, 0, 45
375, 0, 30
376, 0, 30
377, 0, 45
378, 0, 45
379, 0, 45
380, 0, 30
381, 0, 30
382, 0, 60
383, 0, 45
384, 0, 45
385, 0, 30
386, 0, 30
387, 0, 45
388, 0, 45
389, 0, 45
390, 0, 45
391, 0, 30
392, 0, 45
393, 0, 45
394, 0, 45
395, 0, 45
396, 0, 30
397, 0, 30
398, 0, 45
399, 0, 45
400, 0, 45
401, 0, 30
402, 0, 30
403, 0, 45
404, 0, 45
405, 0, 45
406, 0, 45
407, 0, 30
408, 0, 45
409, 0, 45
410, 0, 45
411, 0, 45
412, 0, 30
413, 0, 30
414, 0, 45
415, 0, 45
416, 0, 45
417, 0, 30
418, 0, 30
419, 0, 45
420, 0, 45
421, 0, 45
422, 0, 45
423, 0, 30
424, 0, 45
425, 0, 45
426, 0, 45
427, 0, 45
428, 0, 30
429, 0, 30
430, 0, 45
431, 0, 45
432, 0, 45
433, 0, 30
434, 0, 30
435, 0, 45
436, 0, 45
437, 0, 45
438, 0, 45
439, 0, 30
440, 0, 45
441, 0, 45
442, 0, 45
443, 0, 45
444, 0, 30
445, 0, 30
446, 0, 60
447, 0, 45
448, 0, 45
449, 0, 30
450, 0, 30
451, 0, 45
452, 0, 45
453, 0, 45
454, 0, 30
455, 0, 30
456, 0, 45
457, 0, 45
458, 0, 45
459, 0, 45
460, 0, 30
461, 0, 45
462, 0, 45
463, 0, 45
464, 0, 45
465, 0, 30
466, 0, 30
467, 0, 45
468, 0, 45
469, 0, 45
470, 0, 30
471, 0, 30
472, 0, 45
473, 0, 45
474, 0, 45
475, 0, 45
476, 0, 30
477, 0, 45
478, 0, 45
479, 0, 45
480, 0, 45
481, 0, 30
482, 0, 30
483, 0, 45
484, 0, 45
485, 0, 45
486, 0, 30
487, 0, 30
488, 0, 45
489, 0, 45
490, 0, 45
491, 0, 45
492, 0, 30
493, 0, 45
494, 0, 45
495, 0, 45
496, 0, 45
497, 0, 30
498, 0, 30
499, 0, 45
500, 0, 45
501, 0, 45
502, 0, 30
503, 0, 30
504, 0, 45
505, 0, 45
506, 0, 45
507, 0, 45
508, 0, 30
509, 0, 45
510, 0, 60
511, 0, 45
512, 0, 45
513, 0, 30
514, 0, 45
515, 0, 45
516, 0, 45
517, 0, 45
518, 0, 30
519, 0, 30
520, 0, 45
521, 0, 45
522, 0, 30
523, 0, 30
524, 0, 45
525, 0, 45
526, 0, 45
527, 0, 45
528, 0, 30
529, 0, 45
530, 0, 45
531, 0, 45
532, 0, 45
533, 0, 30
534, 0, 30
535, 0, 45
536, 0, 45
537, 0, 45
538, 0, 30
539, 0, 30
540, 0, 45
541, 0, 45
542, 0, 45
543, 0, 45
544, 0, 30
545, 0, 45
546, 0, 45
547, 0, 45
548, 0, 45
549, 0, 30
550, 0, 30
551, 0, 45
552, 0, 45
553, 0, 45
554, 0, 30
555, 0, 30
556, 0, 45
557, 0, 45
558, 0, 45
559, 0, 45
560, 0, 30
561, 0, 45
562, 0, 45
563, 0, 45
564, 0, 45
565, 0, 30
566, 0, 30
567, 0, 45
568, 0, 45
569, 0, 45
570, 0, 30
571, 0, 30
572, 0, 45
573, 0, 45
574, 0, 60
575, 0, 30
576, 0, 30
577, 0, 45
578, 0, 45
579, 0, 45
580, 0, 45
581, 0, 30
582, 0, 45
583, 0, 45
584, 0, 45
585, 0, 45
586, 0, 30
587, 0, 30
588, 0, 45
589, 0, 45
590, 0, 45
591, 0, 30
592, 0, 30
593, 0, 45
594, 0, 45
595, 0, 45
596, 0, 45
597, 0, 30
598, 0, 45
599, 0, 45
600, 0, 45
601, 0, 45
602, 0, 30
603, 0, 30
604, 0, 45
605, 0, 45
606, 0, 45
607, 0, 30
608, 0, 30
609, 0, 45
610, 0, 45
611, 0, 45
612, 0, 45
613, 0, 30
614, 0, 45
615, 0, 45
616, 0, 45
617, 0, 45
618, 0, 30
619, 0, 30
620, 0, 45
621, 0, 45
622, 0, 45
623, 0, 30
624, 0, 30
625, 0, 45
626, 0, 45
627, 0, 45
628, 0, 45
629, 0, 30
630, 0, 45
631, 0, 45
632, 0, 45
633, 0, 45
634, 0, 30
635, 0, 30
636, 0, 45
637, 0, 45
638, 0, 60
639, 0, 30
640, 0, 30
641, 0, 45
642, 0, 45
643, 0, 45
644, 0, 30
645, 0, 30
646, 0, 45
647, 0, 45
648, 0, 45
649, 0, 45
650, 0, 30
651, 0, 45
652, 0, 45
653, 0, 45
654, 0, 45
655, 0, 30
656, 0, 30
657, 0, 45
658, 0, 45
659, 0, 45
660, 0, 30
661, 0, 30
662, 0, 45
663, 0, 45
664, 0, 45
665, 0, 45
666, 0, 30
667, 0, 45
668, 0, 45
669, 0, 45
670, 0, 45
671, 0, 30
672, 0, 30
673, 0, 45
674, 0, 45
675, 0, 45
676, 0, 30
677, 0, 30
678, 0, 45
679, 0, 45
680, 0, 45
681, 0, 45
682, 0, 30
683, 0, 45
684, 0, 45
685, 0, 45
686, 0, 45
687, 0, 30
688, 0, 30
689, 0, 45
690, 0, 45
691, 0, 45
692, 0, 30
693, 0, 30
694, 0, 45
695, 0, 45
696, 0, 45
697, 0, 45
698, 0, 30
699, 0, 45
700, 0, 45
701, 0, 45
702, 0, 60
703, 0, 30
704, 0, 45
705, 0, 45
706, 0, 45
707, 0, 45
708, 0, 30
709, 0, 30
710, 0, 45
711, 0, 45
712, 0, 45
713, 0, 30
714, 0, 30
715, 0, 45
716, 0, 45
717, 0, 45
718, 0, 45
719, 0, 30
720, 0, 45
721, 0, 45
722, 0, 45
723, 0, 45
724, 0, 30
725, 0, 30
726, 0, 45
727, 0, 45
728, 0, 45
729, 0, 30
730, 0, 30
731, 0, 45
732, 0, 45
733, 0, 45
734, 0, 45
735, 0, 30
736, 0, 45
737, 0, 45
738, 0, 45
739, 0, 45
740, 0, 30
741, 0, 30
742, 0, 45
743, 0, 45
744, 0, 45
745, 0, 30
746, 0, 30
747, 0, 45
748, 0, 45
749, 0, 45
750, 0, 45
751, 0, 30
752, 0, 45
753, 0, 45
754, 0, 45
755, 0, 45
756, 0, 30
757, 0, 30
758, 0, 45
759, 0, 45
760, 0, 45
761, 0, 105
762, 0, 30
763, 0, 30
764, 0, 45
765, 0, 45
766, 0, 60
767, 0, 30
768, 0, 45
769, 0, 45
770, 0, 45
771, 0, 45
772, 0, 30
773, 0, 45
774, 0, 45
775, 0, 45
776, 0, 45
777, 0, 30
778, 0, 30
779, 0, 45
780, 0, 45
781, 0, 45
782, 0, 30
783, 0, 30
784, 0, 45
785, 0, 45
786, 0, 45
787, 0, 45
788, 0, 30
789, 0, 45
790, 0, 45
791, 0, 45
792, 0, 45
793, 0, 30
794, 0, 30
795, 0, 45
796, 0, 45
797, 0, 45
798, 0, 30
799, 0, 30
800, 0, 45
801, 0, 45
802, 0, 45
803, 0, 45
804, 0, 30
805, 0, 45
806, 0, 45
807, 0, 45
808, 0, 45
809, 0, 30
810, 0, 30
811, 0, 45
812, 0, 45
813, 0, 45
814, 0, 30
815, 0, 30
816, 0, 45
817, 0, 45
818, 0, 45
819, 0, 45
820, 0, 30
821, 0, 45
822, 0, 45
823, 0, 45
824, 0, 45
825, 0, 30
826, 0, 30
827, 0, 45
828, 0, 45
829, 0, 45
830, 0, 45
831, 0, 30
832, 0, 45
833, 0, 45
834, 0, 45
835, 0, 30
836, 0, 30
837, 0, 45
838, 0, 45
839, 0, 45
840, 0, 45
841, 0, 30
842, 0, 45
843, 0, 45
844, 0, 45
845, 0, 45
846, 0, 30
847, 0, 30
848, 0, 45
849, 0, 45
850, 0, 45
851, 0, 30
852, 0, 30
853, 0, 45
854, 0, 45
855, 0, 45
856, 0, 45
857, 0, 30
858, 0, 45
859, 0, 45
860, 0, 45
861, 0, 45
862, 0, 30
863, 0, 30
864, 0, 45
865, 0, 45
866, 0, 45
867, 0, 30
868, 0, 30
869, 0, 45
870, 0, 45
871, 0, 45
872, 0, 45
873, 0, 30
874, 0, 45
875, 0, 45
876, 0, 45
877, 0, 45
878, 0, 30
879, 0, 30
880, 0, 45
881, 0, 45
882, 0, 45
883, 0, 30
884, 0, 30
885, 0, 45
886, 0, 45
887, 0, 45
888, 0, 45
889, 0, 30
890, 0, 45
891, 0, 45
892, 0, 45
893, 0, 45
894, 0, 45
895, 0, 45
896, 0, 45
897, 0, 45
898, 0, 45
899, 0, 30
900, 0, 30
901, 0, 45
902, 0, 45
903, 0, 45
904, 0, 30
905, 0, 30
906, 0, 45
907, 0, 45
908, 0, 45
909, 0, 45
910, 0, 30
911, 0, 45
912, 0, 45
913, 0, 45
914, 0, 45
915, 0, 30
916, 0, 30
917, 0, 45
918, 0, 45
919, 0, 45
920, 0, 30
921, 0, 30
922, 0, 45
923, 0, 45
924, 0, 45
925, 0, 45
926, 0, 30
927, 0, 45
928, 0, 45
929, 0, 45
930, 0, 45
931, 0, 30
932, 0, 30
933, 0, 45
934, 0, 45
935, 0, 45
936, 0, 30
937, 0, 30
938, 0, 45
939, 0, 45
940, 0, 45
941, 0, 45
942, 0, 30
943, 0, 45
944, 0, 45
945, 0, 45
946, 0, 45
947, 0, 30
948, 0, 30
949, 0, 45
950, 0, 45
951, 0, 45
952, 0, 30
953, 0, 30
954, 0, 45
955, 0, 45
956, 0, 45
957, 0, 45
958, 0, 45
959, 0, 45
960, 0, 45
961, 0, 45
962, 0, 45
963, 0, 30
964, 0, 45
965, 0, 45
966, 0, 45
967, 0, 45
968, 0, 30
969, 0, 30
970, 0, 45
971, 0, 45
972, 0, 45
973, 0, 30
974, 0, 30
975, 0, 45
976, 0, 45
977, 0, 45
978, 0, 45
979, 0, 30
980, 0, 45
981, 0, 45
982, 0, 45
983, 0, 45
984, 0, 30
985, 0, 30
986, 0, 45
987, 0, 45
988, 0, 45
989, 0, 30
990, 0, 30
991, 0, 45
992, 0, 45
993, 0, 45
994, 0, 45
995, 0, 30
996, 0, 45
997, 0, 45
998, 0, 45
999, 0, 45
1000, 0, 30
1001, 0, 30
1002, 0, 45
1003, 0, 45
1004, 0, 45
1005, 0, 30
1006, 0, 30
1007, 0, 45
1008, 0, 45
1009, 0, 45
1010, 0, 45
1011, 0, 30
1012, 0, 45
1013, 0, 45
1014, 0, 45
1015, 0, 45
1016, 0, 30
1017, 0, 30
1018, 0, 45
1019, 0, 45
1020, 0, 45
1021, 0, 30
1022, 0, 45
1023, 0, 45
1024, 0, 45
1025, 0, 45
1026, 0, 30
1027, 0, 30
1028, 0, 45
1029, 0, 45
1030, 0, 45
1031, 0, 45
1032, 0, 45
1033, 0, 45
1034, 0, 45
1035, 0, 45
1036, 0, 30
1037, 0, 30
1038, 0, 45
1039, 0, 45
1040, 0, 45
1041, 0, 30
1042, 0, 30
1043, 0, 45
1044, 0, 45
1045, 0, 45
1046, 0, 45
1047, 0, 30
1048, 0, 45
1049, 0, 45
1050, 0, 45
1051, 0, 45
1052, 0, 30
1053, 0, 30
1054, 0, 45
1055, 0, 45
1056, 0, 45
1057, 0, 30
1058, 0, 30
1059, 0, 45
1060, 0, 45
1061, 0, 45
1062, 0, 45
1063, 0, 30
1064, 0, 45
1065, 0, 45
1066, 0, 45
1067, 0, 45
1068, 0, 30
1069, 0, 30
1070, 0, 45
1071, 0, 45
1072, 0, 45
1073, 0, 30
1074, 0, 30
1075, 0, 45
1076, 0, 45
1077, 0, 45
1078, 0, 45
1079, 0, 30
1080, 0, 45
1081, 0, 45
1082, 0, 45
1083, 0, 45
1084, 0, 30
1085, 0, 30
1086, 0, 60
1087, 0, 45
1088, 0, 45
1089, 0, 30
1090, 0, 30
1091, 0, 45
1092, 0, 45
1093, 0, 45
1094, 0, 30
1095, 0, 30
1096, 0, 45
1097, 0, 45
1098, 0, 45
1099, 0, 45
1100, 0, 30
1101, 0, 45
1102, 0, 45
1103, 0, 45
1104, 0, 45
1105, 0, 30
1106, 0, 30
1107, 0, 45
1108, 0, 45
1109, 0, 45
1110, 0, 30
1111, 0, 30
1112, 0, 45
1113, 0, 45
1114, 0, 45
1115, 0, 45
1116, 0, 30
1117, 0, 45
1118, 0, 45
1119, 0, 45
1120, 0, 45
1121, 0, 30
1122, 0, 30
1123, 0, 45
1124, 0, 45
1125, 0, 45
1126, 0, 30
1127, 0, 30
1128, 0, 45
1129, 0, 45
1130, 0, 45
1131, 0, 45
1132, 0, 30
1133, 0, 45
1134, 0, 45
1135, 0, 45
1136, 0, 45
1137, 0, 30
1138, 0, 30
1139, 0, 45
1140, 0, 45
1141, 0, 45
1142, 0, 30
1143, 0, 30
1144, 0, 45
1145, 0, 45
1146, 0, 45
1147, 0, 45
1148, 0, 30
1149, 0, 45
1150, 0, 60
1151, 0, 45
1152, 0, 45
1153, 0, 30
1154, 0, 45
1155, 0, 45
1156, 0, 45
1157, 0, 45
1158, 0, 30
1159, 0, 30
1160, 0, 45
1161, 0, 45
1162, 0, 45
1163, 0, 30
1164, 0, 30
1165, 0, 45
1166, 0, 45
1167, 0, 45
1168, 0, 45
1169, 0, 30
1170, 0, 45
1171, 0, 45
1172, 0, 45
1173, 0, 45
1174, 0, 30
1175, 0, 30
1176, 0, 45
1177, 0, 45
1178, 0, 45
1179, 0, 30
1180, 0, 30
1181, 0, 45
1182, 0, 45
1183, 0, 45
1184, 0, 45
1185, 0, 30
1186, 0, 45
1187, 0, 45
1188, 0, 45
1189, 0, 45
1190, 0, 30
1191, 0, 30
1192, 0, 45
1193, 0, 45
1194, 0, 45
1195, 0, 30
1196, 0, 30
1197, 0, 45
1198, 0, 45
1199, 0, 45
1200, 0, 45
1201, 0, 30
1202, 0, 45
1203, 0, 45
1204, 0, 45
1205, 0, 45
1206, 0, 30
1207, 0, 30
1208, 0, 45
1209, 0, 45
1210, 0, 45
1211, 0, 30
1212, 0, 30
1213, 0, 45
1214, 0, 60
1215, 0, 45
1216, 0, 30
1217, 0, 30
1218, 0, 45
1219, 0, 45
1220, 0, 45
1221, 0, 45
1222, 0, 30
1223, 0, 45
1224, 0, 45
1225, 0, 45
1226, 0, 45
1227, 0, 30
1228, 0, 30
1229, 0, 45
1230, 0, 45
1231, 0, 45
1232, 0, 30
1233, 0, 30
1234, 0, 45
1235, 0, 45
1236, 0, 45
1237, 0, 45
1238, 0, 30
1239, 0, 45
1240, 0, 45
1241, 0, 45
1242, 0, 45
1243, 0, 30
1244, 0, 30
1245, 0, 45
1246, 0, 45
1247, 0, 45
1248, 0, 30
1249, 0, 30
1250, 0, 45
1251, 0, 45
1252, 0, 45
1253, 0, 45
1254, 0, 30
1255, 0, 45
1256, 0, 45
1257, 0, 45
1258, 0, 45
1259, 0, 30
1260, 0, 30
1261, 0, 45
1262, 0, 45
1263, 0, 45
1264, 0, 30
1265, 0, 30
1266, 0, 45
1267, 0, 45
1268, 0, 45
1269, 0, 45
1270, 0, 30
1271, 0, 45
1272, 0, 45
1273, 0, 75
1274, 0, 45
1275, 0, 45
1276, 0, 45
1277, 0, 45
1278, 0, 60
1279, 0, 45
1280, 0, 45
1281, 0, 45
1282, 0, 30
1283, 0, 30
1284, 0, 45
1285, 0, 45
1286, 0, 45
1287, 0, 30
1288, 0, 30
1289, 0, 45
1290, 0, 45
1291, 0, 45
1292, 0, 45
1293, 0, 30
1294, 0, 45
1295, 0, 45
1296, 0, 45
1297, 0, 45
1298, 0, 30
1299, 0, 30
1300, 0, 45
1301, 0, 45
1302, 0, 45
1303, 0, 30
1304, 0, 30
1305, 0, 45
1306, 0, 45
1307, 0, 45
1308, 0, 45
1309, 0, 30
1310, 0, 45
1311, 0, 45
1312, 0, 45
1313, 0, 45
1314, 0, 30
1315, 0, 30
1316, 0, 45
1317, 0, 45
1318, 0, 45
1319, 0, 30
1320, 0, 30
1321, 0, 45
1322, 0, 45
1323, 0, 45
1324, 0, 45
1325, 0, 30
1326, 0, 45
1327, 0, 45
1328, 0, 45
1329, 0, 45
1330, 0, 30
1331, 0, 30
1332, 0, 45
1333, 0, 45
1334, 0, 45
1335, 0, 30
1336, 0, 30
1337, 0, 45
1338, 0, 45
1339, 0, 45
1340, 0, 45
1341, 0, 30
1342, 0, 60
1343, 0, 45
1344, 0, 45
1345, 0, 45
1346, 0, 30
1347, 0, 45
1348, 0, 45
1349, 0, 45
1350, 0, 45
1351, 0, 30
1352, 0, 30
1353, 0, 45
1354, 0, 45
1355, 0, 45
1356, 0, 30
1357, 0, 30
1358, 0, 45
1359, 0, 45
1360, 0, 45
1361, 0, 45
1362, 0, 30
1363, 0, 45
1364, 0, 45
1365, 0, 45
1366, 0, 45
1367, 0, 30
1368, 0, 30
1369, 0, 45
1370, 0, 45
1371, 0, 45
1372, 0, 30
1373, 0, 30
1374, 0, 45
1375, 0, 45
1376, 0, 45
1377, 0, 45
1378, 0, 30
1379, 0, 45
1380, 0, 45
1381, 0, 45
1382, 0, 45
1383, 0, 30
1384, 0, 30
1385, 0, 45
1386, 0, 45
1387, 0, 45
1388, 0, 30
1389, 0, 30
1390, 0, 45
1391, 0, 45
1392, 0, 45
1393, 0, 45
1394, 0, 30
1395, 0, 45
1396, 0, 45
1397, 0, 45
1398, 0, 45
1399, 0, 30
1400, 0, 30
1401, 0, 45
1402, 0, 45
1403, 0, 45
1404, 0, 30
1405, 0, 30
1406, 0, 60
1407, 0, 45
1408, 0, 45
1409, 0, 30
1410, 0, 30
1411, 0, 45
1412, 0, 45
1413, 0, 45
1414, 0, 45
1415, 0, 30
1416, 0, 45
1417, 0, 45
1418, 0, 45
1419, 0, 45
1420, 0, 30
1421, 0, 30
1422, 0, 45
1423, 0, 45
1424, 0, 45
1425, 0, 30
1426, 0, 30
1427, 0, 45
1428, 0, 45
1429, 0, 45
1430, 0, 45
1431, 0, 30
1432, 0, 45
1433, 0, 45
1434, 0, 45
1435, 0, 45
1436, 0, 30
1437, 0, 30
1438, 0, 45
1439, 0, 45
1440, 0, 45
1441, 0, 30
1442, 0, 30
1443, 0, 45
1444, 0, 45
1445, 0, 45
1446, 0, 45
1447, 0, 30
1448, 0, 45
1449, 0, 45
1450, 0, 45
1451, 0, 45
1452, 0, 30
1453, 0, 30
1454, 0, 45
1455, 0, 45
1456, 0, 45
1457, 0, 30
1458, 0, 30
1459, 0, 45
1460, 0, 45
1461, 0, 45
1462, 0, 45
1463, 0, 30
1464, 0, 45
1465, 0, 45
1466, 0, 45
1467, 0, 45
1468, 0, 30
1469, 0, 30
1470, 0, 75
1471, 0, 45
1472, 0, 30
1473, 0, 30
1474, 0, 45
1475, 0, 45
1476, 0, 45
1477, 0, 45
1478, 0, 30
1479, 0, 45
1480, 0, 45
1481, 0, 45
1482, 0, 45
1483, 0, 30
1484, 0, 30
1485, 0, 45
1486, 0, 45
1487, 0, 45
1488, 0, 30
1489, 0, 30
1490, 0, 45
1491, 0, 45
1492, 0, 45
1493, 0, 45
1494, 0, 30
1495, 0, 45
1496, 0, 45
1497, 0, 45
1498, 0, 45
1499, 0, 30
1500, 0, 30
1501, 0, 45
1502, 0, 45
1503, 0, 45
1504, 0, 30
1505, 0, 30
1506, 0, 45
1507, 0, 45
1508, 0, 45
1509, 0, 45
1510, 0, 30
1511, 0, 45
1512, 0, 45
1513, 0, 45
1514, 0, 45
1515, 0, 30
1516, 0, 30
1517, 0, 45
1518, 0, 45
1519, 0, 45
1520, 0, 30
1521, 0, 30
1522, 0, 45
1523, 0, 45
1524, 0, 45
1525, 0, 45
1526, 0, 30
1527, 0, 45
1528, 0, 45
1529, 0, 45
1530, 0, 45
1531, 0, 30
1532, 0, 30
1533, 0, 45
1534, 0, 60
1535, 0, 45
1536, 0, 30
1537, 0, 30
1538, 0, 45
1539, 0, 45
1540, 0, 45
1541, 0, 30
1542, 0, 30
1543, 0, 45
1544, 0, 45
1545, 0, 30
1546, 0, 30
1547, 0, 45
1548, 0, 45
1549, 0, 45
1550, 0, 45
1551, 0, 30
1552, 0, 30
1553, 0, 45
1554, 0, 45
1555, 0, 45
1556, 0, 30
1557, 0, 30
1558, 0, 45
1559, 0, 45
1560, 0, 45
1561, 0, 45
1562, 0, 30
1563, 0, 45
1564, 0, 45
1565, 0, 45
1566, 0, 45
1567, 0, 30
1568, 0, 30
1569, 0, 45
1570, 0, 45
1571, 0, 45
1572, 0, 30
1573, 0, 30
1574, 0, 45
1575, 0, 45
1576, 0, 45
1577, 0, 45
1578, 0, 30
1579, 0, 45
1580, 0, 45
1581, 0, 45
1582, 0, 45
1583, 0, 30
1584, 0, 30
1585, 0, 45
1586, 0, 45
1587, 0, 45
1588, 0, 30
1589, 0, 30
1590, 0, 45
1591, 0, 45
1592, 0, 45
1593, 0, 45
1594, 0, 30
1595, 0, 45
1596, 0, 45
1597, 0, 45
1598, 0, 60
1599, 0, 30
1600, 0, 45
1601, 0, 45
1602, 0, 45
1603, 0, 45
1604, 0, 30
1605, 0, 30
1606, 0, 45
1607, 0, 45
1608, 0, 45
1609, 0, 30
1610, 0, 30
1611, 0, 45
1612, 0, 45
1613, 0, 45
1614, 0, 45
1615, 0, 30
1616, 0, 45
1617, 0, 45
1618, 0, 45
1619, 0, 45
1620, 0, 30
1621, 0, 30
1622, 0, 45
1623, 0, 45
1624, 0, 45
1625, 0, 30
1626, 0, 30
1627, 0, 45
1628, 0, 45
1629, 0, 45
1630, 0, 45
1631, 0, 30
1632, 0, 45
1633, 0, 45
1634, 0, 45
1635, 0, 45
1636, 0, 30
1637, 0, 30
1638, 0, 45
1639, 0, 45
1640, 0, 45
1641, 0, 30
1642, 0, 30
1643, 0, 45
1644, 0, 45
1645, 0, 45
1646, 0, 45
1647, 0, 30
1648, 0, 45
1649, 0, 45
1650, 0, 45
1651, 0, 45
1652, 0, 30
1653, 0, 30
1654, 0, 45
1655, 0, 45
1656, 0, 45
1657, 0, 30
1658, 0, 30
1659, 0, 45
1660, 0, 45
1661, 0, 45
1662, 0, 45
1663, 0, 30
1664, 0, 45
1665, 0, 45
1666, 0, 45
1667, 0, 45
1668, 0, 30
1669, 0, 45
1670, 0, 45
1671, 0, 45
1672, 0, 45
1673, 0, 30
1674, 0, 30
1675, 0, 45
1676, 0, 45
1677, 0, 45
1678, 0, 30
1679, 0, 30
1680, 0, 45
1681, 0, 45
1682, 0, 45
1683, 0, 45
1684, 0, 30
1685, 0, 45
1686, 0, 45
1687, 0, 45
1688, 0, 45
1689, 0, 30
1690, 0, 30
1691, 0, 45
1692, 0, 45
1693, 0, 45
1694, 0, 30
1695, 0, 30
1696, 0, 45
1697, 0, 45
1698, 0, 45
1699, 0, 45
1700, 0, 30
1701, 0, 45
1702, 0, 45
1703, 0, 45
1704, 0, 45
1705, 0, 30
1706, 0, 30
1707, 0, 45
1708, 0, 45
1709, 0, 45
1710, 0, 30
1711, 0, 30
1712, 0, 45
1713, 0, 45
1714, 0, 45
1715, 0, 45
1716, 0, 30
1717, 0, 45
1718, 0, 45
1719, 0, 45
1720, 0, 45
1721, 0, 30
1722, 0, 30
1723, 0, 45
1724, 0, 45
1725, 0, 45
1726, 0, 45
1727, 0, 30
1728, 0, 45
1729, 0, 45
1730, 0, 45
1731, 0, 30
1732, 0, 30
1733, 0, 45
1734, 0, 45
1735, 0, 45
1736, 0, 45
1737, 0, 30
1738, 0, 45
1739, 0, 45
1740, 0, 45
1741, 0, 45
1742, 0, 30
1743, 0, 30
1744, 0, 45
1745, 0, 45
1746, 0, 45
1747, 0, 30
1748, 0, 30
1749, 0, 45
1750, 0, 45
1751, 0, 45
1752, 0, 45
1753, 0, 30
1754, 0, 45
1755, 0, 45
1756, 0, 45
1757, 0, 45
1758, 0, 30
1759, 0, 30
1760, 0, 45
1761, 0, 45
1762, 0, 45
1763, 0, 30
1764, 0, 30
1765, 0, 45
1766, 0, 45
1767, 0, 45
1768, 0, 45
1769, 0, 30
1770, 0, 45
1771, 0, 45
1772, 0, 45
1773, 0, 45
1774, 0, 30
1775, 0, 30
1776, 0, 45
1777, 0, 45
1778, 0, 45
1779, 0, 30
1780, 0, 30
1781, 0, 45
1782, 0, 45
1783, 0, 45
1784, 0, 45
1785, 0, 90
1786, 0, 45
1787, 0, 30
1788, 0, 30
1789, 0, 45
1790, 0, 75
1791, 0, 30
1792, 0, 30
1793, 0, 45
1794, 0, 45
1795, 0, 45
1796, 0, 30
1797, 0, 30
1798, 0, 45
1799, 0, 45
1800, 0, 45
1801, 0, 45
1802, 0, 30
1803, 0, 45
1804, 0, 45
1805, 0, 45
1806, 0, 45
1807, 0, 30
1808, 0, 30
1809, 0, 45
1810, 0, 45
1811, 0, 45
1812, 0, 30
1813, 0, 30
1814, 0, 45
1815, 0, 45
1816, 0, 45
1817, 0, 45
1818, 0, 30
1819, 0, 45
1820, 0, 45
1821, 0, 45
1822, 0, 45
1823, 0, 30
1824, 0, 30
1825, 0, 45
1826, 0, 45
1827, 0, 45
1828, 0, 30
1829, 0, 30
1830, 0, 45
1831, 0, 45
1832, 0, 45
1833, 0, 45
1834, 0, 30
1835, 0, 45
1836, 0, 45
1837, 0, 45
1838, 0, 45
1839, 0, 30
1840, 0, 30
1841, 0, 45
1842, 0, 45
1843, 0, 45
1844, 0, 30
1845, 0, 30
1846, 0, 45
1847, 0, 45
1848, 0, 45
1849, 0, 45
1850, 0, 30
1851, 0, 45
1852, 0, 45
1853, 0, 45
1854, 0, 60
1855, 0, 30
1856, 0, 45
1857, 0, 45
1858, 0, 45
1859, 0, 45
1860, 0, 30
1861, 0, 30
1862, 0, 45
1863, 0, 45
1864, 0, 45
1865, 0, 30
1866, 0, 30
1867, 0, 45
1868, 0, 45
1869, 0, 45
1870, 0, 45
1871, 0, 30
1872, 0, 45
1873, 0, 45
1874, 0, 45
1875, 0, 45
1876, 0, 30
1877, 0, 30
1878, 0, 45
1879, 0, 45
1880, 0, 45
1881, 0, 30
1882, 0, 30
1883, 0, 45
1884, 0, 45
1885, 0, 45
1886, 0, 45
1887, 0, 30
1888, 0, 45
1889, 0, 45
1890, 0, 45
1891, 0, 45
1892, 0, 30
1893, 0, 30
1894, 0, 45
1895, 0, 45
1896, 0, 45
1897, 0, 30
1898, 0, 30
1899, 0, 45
1900, 0, 45
1901, 0, 45
1902, 0, 45
1903, 0, 30
1904, 0, 45
1905, 0, 45
1906, 0, 45
1907, 0, 45
1908, 0, 30
1909, 0, 30
1910, 0, 45
1911, 0, 45
1912, 0, 45
1913, 0, 30
1914, 0, 30
1915, 0, 45
1916, 0, 45
1917, 0, 45
1918, 0, 45
1919, 0, 30
1920, 0, 45
1921, 0, 45
1922, 0, 45
1923, 0, 45
1924, 0, 30
1925, 0, 45
1926, 0, 45
1927, 0, 45
1928, 0, 45
1929, 0, 30
1930, 0, 30
1931, 0, 45
1932, 0, 45
1933, 0, 45
1934, 0, 30
1935, 0, 30
1936, 0, 45
1937, 0, 45
1938, 0, 45
1939, 0, 45
1940, 0, 30
1941, 0, 45
1942, 0, 45
1943, 0, 45
1944, 0, 45
1945, 0, 30
1946, 0, 30
1947, 0, 45
1948, 0, 45
1949, 0, 45
1950, 0, 30
1951, 0, 30
1952, 0, 45
1953, 0, 45
1954, 0, 45
1955, 0, 45
1956, 0, 30
1957, 0, 45
1958, 0, 45
1959, 0, 45
1960, 0, 45
1961, 0, 30
1962, 0, 30
1963, 0, 45
1964, 0, 45
1965, 0, 45
1966, 0, 30
1967, 0, 30
1968, 0, 45
1969, 0, 45
1970, 0, 45
1971, 0, 45
1972, 0, 30
1973, 0, 45
1974, 0, 45
1975, 0, 45
1976, 0, 45
1977, 0, 30
1978, 0, 30
1979, 0, 45
1980, 0, 45
1981, 0, 45
1982, 0, 45
1983, 0, 30
1984, 0, 45
1985, 0, 45
1986, 0, 45
1987, 0, 30
1988, 0, 30
1989, 0, 45
1990, 0, 45
1991, 0, 45
1992, 0, 45
1993, 0, 30
1994, 0, 45
1995, 0, 45
1996, 0, 45
1997, 0, 45
1998, 0, 30
1999, 0, 30
2000, 0, 45
2001, 0, 45
2002, 0, 45
2003, 0, 30
2004, 0, 30
2005, 0, 45
2006, 0, 45
2007, 0, 45
2008, 0, 45
2009, 0, 30
2010, 0, 45
2011, 0, 45
2012, 0, 45
2013, 0, 45
2014, 0, 30
2015, 0, 30
2016, 0, 45
2017, 0, 45
2018, 0, 45
2019, 0, 30
2020, 0, 30
2021, 0, 45
2022, 0, 45
2023, 0, 45
2024, 0, 45
2025, 0, 30
2026, 0, 45
2027, 0, 45
2028, 0, 45
2029, 0, 45
2030, 0, 30
2031, 0, 30
2032, 0, 45
2033, 0, 45
2034, 0, 45
2035, 0, 30
2036, 0, 30
2037, 0, 45
2038, 0, 45
2039, 0, 45
2040, 0, 45
2041, 0, 30
2042, 0, 45
2043, 0, 45
2044, 0, 45
2045, 0, 45
2046, 0, 45
2047, 0, 45
