0, 0, 75
1, 0, 45
2, 0, 45
3, 0, 30
4, 0, 30
5, 0, 45
6, 0, 45
7, 0, 30
8, 0, 30
9, 0, 45
10, 0, 45
11, 0, 45
12, 0, 45
13, 0, 30
14, 0, 30
15, 0, 45
16, 0, 45
17, 0, 45
18, 0, 30
19, 0, 30
20, 0, 45
21, 0, 45
22, 0, 45
23, 0, 45
24, 0, 30
25, 0, 45
26, 0, 45
27, 0, 45
28, 0, 45
29, 0, 30
30, 0, 30
31, 0, 45
32, 0, 60
33, 0, 30
34, 0, 45
35, 0, 45
36, 0, 45
37, 0, 45
38, 0, 45
39, 0, 30
40, 0, 30
41, 0, 45
42, 0, 45
43, 0, 45
44, 0, 30
45, 0, 30
46, 0, 45
47, 0, 45
48, 0, 45
49, 0, 45
50, 0, 30
51, 0, 45
52, 0, 45
53, 0, 45
54, 0, 45
55, 0, 30
56, 0, 270
57, 0, 300
58, 0, 45
59, 0, 45
60, 0, 30
61, 0, 240
62, 0, 45
63, 0, 30
64, 0, 45
65, 0, 45
66, 0, 45
67, 0, 45
68, 0, 30
69, 0, 45
70, 0, 45
71, 0, 45
72, 0, 45
73, 0, 30
74, 0, 30
75, 0, 45
76, 0, 45
77, 0, 45
78, 0, 30
79, 0, 30
80, 0, 45
81, 0, 45
82, 0, 45
83, 0, 45
84, 0, 30
85, 0, 45
86, 0, 45
87, 0, 45
88, 0, 45
89, 0, 30
90, 0, 30
91, 0, 45
92, 0, 45
93, 0, 45
94, 0, 30
95, 0, 30
96, 0, 45
97, 0, 45
98, 0, 45
99, 0, 45
100, 0, 30
101, 0, 45
102, 0, 45
103, 0, 45
104, 0, 45
105, 0, 30
106, 0, 30
107, 0, 45
108, 0, 45
109, 0, 45
110, 0, 30
111, 0, 30
112, 0, 45
113, 0, 45
114, 0, 45
115, 0, 45
116, 0, 30
117, 0, 45
118, 0, 45
119, 0, 45
120, 0, 45
121, 0, 45
122, 0, 45
123, 0, 45
124, 0, 45
125, 0, 45
126, 0, 45
127, 0, 45
128, 0, 45
129, 0, 45
130, 0, 30
131, 0, 30
132, 0, 45
133, 0, 45
134, 0, 45
135, 0, 45
136, 0, 30
137, 0, 45
138, 0, 45
139, 0, 45
140, 0, 45
141, 0, 30
142, 0, 30
143, 0, 45
144, 0, 45
145, 0, 45
146, 0, 30
147, 0, 30
148, 0, 45
149, 0, 45
150, 0, 45
151, 0, 45
152, 0, 30
153, 0, 45
154, 0, 45
155, 0, 45
156, 0, 45
157, 0, 30
158, 0, 30
159, 0, 45
160, 0, 45
161, 0, 45
162, 0, 30
163, 0, 30
164, 0, 45
165, 0, 45
166, 0, 45
167, 0, 45
168, 0, 30
169, 0, 45
170, 0, 45
171, 0, 45
172, 0, 45
173, 0, 30
174, 0, 30
175, 0, 45
176, 0, 45
177, 0, 45
178, 0, 30
179, 0, 30
180, 0, 45
181, 0, 45
182, 0, 45
183, 0, 45
184, 0, 30
185, 0, 45
186, 0, 45
187, 0, 45
188, 0, 45
189, 0, 30
190, 0, 45
191, 0, 45
192, 0, 45
193, 0, 45
194, 0, 30
195, 0, 30
196, 0, 45
197, 0, 45
198, 0, 45
199, 0, 30
200, 0, 30
201, 0, 45
202, 0, 45
203, 0, 45
204, 0, 45
205, 0, 30
206, 0, 45
207, 0, 45
208, 0, 45
209, 0, 45
210, 0, 30
211, 0, 30
212, 0, 45
213, 0, 45
214, 0, 45
215, 0, 30
216, 0, 30
217, 0, 45
218, 0, 45
219, 0, 45
220, 0, 45
221, 0, 30
222, 0, 45
223, 0, 45
224, 0, 45
225, 0, 45
226, 0, 30
227, 0, 30
228, 0, 45
229, 0, 45
230, 0, 45
231, 0, 30
232, 0, 30
233, 0, 45
234, 0, 45
235, 0, 45
236, 0, 45
237, 0, 30
238, 0, 45
239, 0, 45
240, 0, 45
241, 0, 45
242, 0, 30
243, 0, 30
244, 0, 45
245, 0, 45
246, 0, 45
247, 0, 105
248, 0, 45
249, 0, 30
250, 0, 45
251, 0, 45
252, 0, 45
253, 0, 45
254, 0, 75
255, 0, 30
256, 0, 30
257, 0, 45
258, 0, 45
259, 0, 45
260, 0, 45
261, 0, 30
262, 0, 60
263, 0, 45
264, 0, 30
265, 0, 30
266, 0, 45
267, 0, 45
268, 0, 45
269, 0, 30
270, 0, 30
271, 0, 45
272, 0, 45
273, 0, 45
274, 0, 45
275, 0, 30
276, 0, 45
277, 0, 45
278, 0, 45
279, 0, 45
280, 0, 30
281, 0, 30
282, 0, 45
283, 0, 45
284, 0, 45
285, 0, 30
286, 0, 30
287, 0, 45
288, 0, 45
289, 0, 45
290, 0, 45
291, 0, 30
292, 0, 45
293, 0, 45
294, 0, 45
295, 0, 45
296, 0, 30
297, 0, 30
298, 0, 45
299, 0, 45
300, 0, 45
301, 0, 45
302, 0, 30
303, 0, 30
304, 0, 45
305, 0, 45
306, 0, 45
307, 0, 45
308, 0, 30
309, 0, 45
310, 0, 30
311, 0, 45
312, 0, 45
313, 0, 45
314, 0, 45
315, 0, 30
316, 0, 45
317, 0, 45
318, 0, 60
319, 0, 45
320, 0, 30
321, 0, 45
322, 0, 45
323, 0, 45
324, 0, 45
325, 0, 30
326, 0, 30
327, 0, 45
328, 0, 45
329, 0, 45
330, 0, 30
331, 0, 30
332, 0, 45
333, 0, 45
334, 0, 45
335, 0, 45
336, 0, 30
337, 0, 45
338, 0, 45
339, 0, 45
340, 0, 45
341, 0, 30
342, 0, 30
343, 0, 45
344, 0, 45
345, 0, 45
346, 0, 30
347, 0, 30
348, 0, 45
349, 0, 45
350, 0, 45
351, 0, 45
352, 0, 30
353, 0, 45
354, 0, 45
355, 0, 45
356, 0, 45
357, 0, 30
358, 0, 30
359, 0, 45
360, 0, 45
361, 0, 45
362, 0, 30
363, 0, 30
364, 0, 45
365, 0, 45
366, 0, 45
367, 0, 45
368, 0, 30
369, 0, 45
370, 0, 45
371, 0, 45
372, 0, 45
373, 0, 30
374, 0, 30
375, 0, 45
376, 0, 45
377, 0, 45
378, 0, 30
379, 0, 30
380, 0, 45
381, 0, 45
382, 0, 60
383, 0, 30
384, 0, 30
385, 0, 45
386, 0, 45
387, 0, 45
388, 0, 45
389, 0, 30
390, 0, 45
391, 0, 45
392, 0, 45
393, 0, 45
394, 0, 30
395, 0, 30
396, 0, 45
397, 0, 45
398, 0, 45
399, 0, 30
400, 0, 30
401, 0, 45
402, 0, 45
403, 0, 45
404, 0, 45
405, 0, 30
406, 0, 45
407, 0, 45
408, 0, 45
409, 0, 45
410, 0, 30
411, 0, 30
412, 0, 45
413, 0, 45
414, 0, 45
415, 0, 30
416, 0, 30
417, 0, 45
418, 0, 45
419, 0, 45
420, 0, 45
421, 0, 30
422, 0, 45
423, 0, 45
424, 0, 45
425, 0, 45
426, 0, 30
427, 0, 30
428, 0, 45
429, 0, 45
430, 0, 45
431, 0, 30
432, 0, 30
433, 0, 45
434, 0, 45
435, 0, 45
436, 0, 45
437, 0, 30
438, 0, 45
439, 0, 45
440, 0, 45
441, 0, 45
442, 0, 30
443, 0, 30
444, 0, 45
445, 0, 45
446, 0, 60
447, 0, 30
448, 0, 30
449, 0, 45
450, 0, 45
451, 0, 45
452, 0, 30
453, 0, 30
454, 0, 45
455, 0, 45
456, 0, 45
457, 0, 45
458, 0, 30
459, 0, 45
460, 0, 45
461, 0, 45
462, 0, 45
463, 0, 30
464, 0, 30
465, 0, 45
466, 0, 45
467, 0, 45
468, 0, 30
469, 0, 30
470, 0, 45
471, 0, 45
472, 0, 45
473, 0, 45
474, 0, 30
475, 0, 45
476, 0, 45
477, 0, 45
478, 0, 45
479, 0, 30
480, 0, 30
481, 0, 45
482, 0, 45
483, 0, 45
484, 0, 30
485, 0, 30
486, 0, 45
487, 0, 45
488, 0, 45
489, 0, 45
490, 0, 30
491, 0, 45
492, 0, 45
493, 0, 45
494, 0, 45
495, 0, 30
496, 0, 30
497, 0, 45
498, 0, 45
499, 0, 45
500, 0, 30
501, 0, 30
502, 0, 45
503, 0, 45
504, 0, 45
505, 0, 45
506, 0, 30
507, 0, 45
508, 0, 45
509, 0, 45
510, 0, 60
511, 0, 30
512, 0, 45
513, 0, 45
514, 0, 45
515, 0, 45
516, 0, 30
517, 0, 30
518, 0, 45
519, 0, 45
520, 0, 30
521, 0, 30
522, 0, 45
523, 0, 45
524, 0, 45
525, 0, 45
526, 0, 30
527, 0, 45
528, 0, 45
529, 0, 45
530, 0, 45
531, 0, 30
532, 0, 30
533, 0, 45
534, 0, 45
535, 0, 45
536, 0, 30
537, 0, 30
538, 0, 45
539, 0, 45
540, 0, 45
541, 0, 45
542, 0, 30
543, 0, 45
544, 0, 45
545, 0, 45
546, 0, 45
547, 0, 30
548, 0, 30
549, 0, 45
550, 0, 45
551, 0, 45
552, 0, 30
553, 0, 30
554, 0, 45
555, 0, 45
556, 0, 45
557, 0, 45
558, 0, 30
559, 0, 45
560, 0, 45
561, 0, 45
562, 0, 45
563, 0, 30
564, 0, 30
565, 0, 45
566, 0, 45
567, 0, 45
568, 0, 30
569, 0, 30
570, 0, 45
571, 0, 45
572, 0, 45
573, 0, 45
574, 0, 45
575, 0, 45
576, 0, 45
577, 0, 45
578, 0, 45
579, 0, 30
580, 0, 45
581, 0, 45
582, 0, 45
583, 0, 45
584, 0, 30
585, 0, 30
586, 0, 45
587, 0, 45
588, 0, 45
589, 0, 30
590, 0, 30
591, 0, 45
592, 0, 45
593, 0, 45
594, 0, 45
595, 0, 30
596, 0, 45
597, 0, 45
598, 0, 45
599, 0, 45
600, 0, 30
601, 0, 30
602, 0, 45
603, 0, 45
604, 0, 45
605, 0, 30
606, 0, 30
607, 0, 45
608, 0, 45
609, 0, 45
610, 0, 45
611, 0, 30
612, 0, 45
613, 0, 45
614, 0, 45
615, 0, 45
616, 0, 30
617, 0, 30
618, 0, 45
619, 0, 45
620, 0, 45
621, 0, 30
622, 0, 30
623, 0, 45
624, 0, 45
625, 0, 45
626, 0, 45
627, 0, 30
628, 0, 45
629, 0, 45
630, 0, 45
631, 0, 45
632, 0, 30
633, 0, 30
634, 0, 45
635, 0, 45
636, 0, 45
637, 0, 30
638, 0, 45
639, 0, 45
640, 0, 45
641, 0, 45
642, 0, 30
643, 0, 30
644, 0, 45
645, 0, 45
646, 0, 45
647, 0, 45
648, 0, 30
649, 0, 45
650, 0, 45
651, 0, 45
652, 0, 45
653, 0, 30
654, 0, 30
655, 0, 45
656, 0, 45
657, 0, 45
658, 0, 30
659, 0, 30
660, 0, 45
661, 0, 45
662, 0, 45
663, 0, 45
664, 0, 30
665, 0, 45
666, 0, 45
667, 0, 45
668, 0, 45
669, 0, 30
670, 0, 30
671, 0, 45
672, 0, 45
673, 0, 45
674, 0, 30
675, 0, 30
676, 0, 45
677, 0, 45
678, 0, 45
679, 0, 45
680, 0, 30
681, 0, 45
682, 0, 45
683, 0, 45
684, 0, 45
685, 0, 30
686, 0, 30
687, 0, 45
688, 0, 45
689, 0, 45
690, 0, 30
691, 0, 30
692, 0, 45
693, 0, 45
694, 0, 45
695, 0, 45
696, 0, 30
697, 0, 45
698, 0, 45
699, 0, 45
700, 0, 45
701, 0, 30
702, 0, 45
703, 0, 45
704, 0, 45
705, 0, 45
706, 0, 30
707, 0, 30
708, 0, 45
709, 0, 45
710, 0, 45
711, 0, 30
712, 0, 30
713, 0, 45
714, 0, 45
715, 0, 45
716, 0, 45
717, 0, 30
718, 0, 45
719, 0, 45
720, 0, 45
721, 0, 45
722, 0, 30
723, 0, 30
724, 0, 45
725, 0, 45
726, 0, 45
727, 0, 30
728, 0, 30
729, 0, 45
730, 0, 45
731, 0, 45
732, 0, 45
733, 0, 30
734, 0, 45
735, 0, 45
736, 0, 45
737, 0, 45
738, 0, 30
739, 0, 30
740, 0, 45
741, 0, 45
742, 0, 45
743, 0, 30
744, 0, 30
745, 0, 45
746, 0, 45
747, 0, 45
748, 0, 45
749, 0, 30
750, 0, 45
751, 0, 45
752, 0, 45
753, 0, 45
754, 0, 30
755, 0, 30
756, 0, 45
757, 0, 45
758, 0, 45
759, 0, 75
760, 0, 45
761, 0, 45
762, 0, 30
763, 0, 30
764, 0, 45
765, 0, 45
766, 0, 75
767, 0, 45
768, 0, 45
769, 0, 30
770, 0, 45
771, 0, 45
772, 0, 45
773, 0, 45
774, 0, 30
775, 0, 30
776, 0, 45
777, 0, 45
778, 0, 45
779, 0, 30
780, 0, 30
781, 0, 45
782, 0, 45
783, 0, 45
784, 0, 45
785, 0, 30
786, 0, 45
787, 0, 45
788, 0, 45
789, 0, 45
790, 0, 30
791, 0, 30
792, 0, 45
793, 0, 45
794, 0, 45
795, 0, 30
796, 0, 30
797, 0, 45
798, 0, 45
799, 0, 45
800, 0, 45
801, 0, 30
802, 0, 45
803, 0, 45
804, 0, 45
805, 0, 45
806, 0, 30
807, 0, 30
808, 0, 45
809, 0, 45
810, 0, 45
811, 0, 30
812, 0, 30
813, 0, 60
814, 0, 30
815, 0, 45
816, 0, 45
817, 0, 45
818, 0, 45
819, 0, 30
820, 0, 30
821, 0, 45
822, 0, 45
823, 0, 45
824, 0, 30
825, 0, 30
826, 0, 45
827, 0, 45
828, 0, 45
829, 0, 45
830, 0, 45
831, 0, 45
832, 0, 45
833, 0, 45
834, 0, 45
835, 0, 30
836, 0, 45
837, 0, 45
838, 0, 45
839, 0, 45
840, 0, 30
841, 0, 30
842, 0, 45
843, 0, 45
844, 0, 45
845, 0, 30
846, 0, 30
847, 0, 45
848, 0, 45
849, 0, 45
850, 0, 45
851, 0, 30
852, 0, 45
853, 0, 45
854, 0, 45
855, 0, 45
856, 0, 30
857, 0, 30
858, 0, 45
859, 0, 45
860, 0, 45
861, 0, 30
862, 0, 30
863, 0, 45
864, 0, 45
865, 0, 45
866, 0, 45
867, 0, 30
868, 0, 45
869, 0, 45
870, 0, 45
871, 0, 45
872, 0, 30
873, 0, 30
874, 0, 45
875, 0, 45
876, 0, 45
877, 0, 30
878, 0, 30
879, 0, 45
880, 0, 45
881, 0, 45
882, 0, 45
883, 0, 30
884, 0, 45
885, 0, 45
886, 0, 45
887, 0, 45
888, 0, 30
889, 0, 30
890, 0, 45
891, 0, 45
892, 0, 45
893, 0, 30
894, 0, 45
895, 0, 45
896, 0, 45
897, 0, 45
898, 0, 30
899, 0, 30
900, 0, 45
901, 0, 45
902, 0, 45
903, 0, 45
904, 0, 30
905, 0, 45
906, 0, 45
907, 0, 45
908, 0, 45
909, 0, 30
910, 0, 30
911, 0, 45
912, 0, 45
913, 0, 45
914, 0, 30
915, 0, 30
916, 0, 45
917, 0, 45
918, 0, 45
919, 0, 45
920, 0, 30
921, 0, 45
922, 0, 45
923, 0, 45
924, 0, 45
925, 0, 30
926, 0, 30
927, 0, 45
928, 0, 45
929, 0, 45
930, 0, 30
931, 0, 30
932, 0, 45
933, 0, 45
934, 0, 45
935, 0, 45
936, 0, 30
937, 0, 45
938, 0, 45
939, 0, 45
940, 0, 45
941, 0, 30
942, 0, 30
943, 0, 45
944, 0, 45
945, 0, 45
946, 0, 30
947, 0, 30
948, 0, 45
949, 0, 45
950, 0, 45
951, 0, 45
952, 0, 30
953, 0, 45
954, 0, 45
955, 0, 45
956, 0, 45
957, 0, 30
958, 0, 45
959, 0, 45
960, 0, 45
961, 0, 45
962, 0, 30
963, 0, 30
964, 0, 45
965, 0, 45
966, 0, 45
967, 0, 30
968, 0, 30
969, 0, 45
970, 0, 45
971, 0, 45
972, 0, 45
973, 0, 30
974, 0, 45
975, 0, 45
976, 0, 45
977, 0, 45
978, 0, 30
979, 0, 30
980, 0, 45
981, 0, 45
982, 0, 45
983, 0, 30
984, 0, 30
985, 0, 45
986, 0, 45
987, 0, 45
988, 0, 45
989, 0, 30
990, 0, 45
991, 0, 45
992, 0, 45
993, 0, 45
994, 0, 30
995, 0, 30
996, 0, 45
997, 0, 45
998, 0, 45
999, 0, 30
1000, 0, 30
1001, 0, 45
1002, 0, 45
1003, 0, 45
1004, 0, 45
1005, 0, 30
1006, 0, 45
1007, 0, 45
1008, 0, 45
1009, 0, 45
1010, 0, 30
1011, 0, 30
1012, 0, 45
1013, 0, 45
1014, 0, 45
1015, 0, 30
1016, 0, 30
1017, 0, 45
1018, 0, 45
1019, 0, 45
1020, 0, 45
1021, 0, 30
1022, 0, 60
1023, 0, 45
