0, 0, 375
1, 0, 30
2, 0, 285
3, 0, 30
4, 0, 270
5, 0, 45
6, 0, 300
7, 0, 45
8, 0, 315
9, 0, 45
10, 0, 330
11, 0, 45
12, 0, 300
13, 0, 30
14, 0, 300
15, 0, 45
16, 0, 285
17, 0, 45
18, 0, 285
19, 0, 30
20, 0, 270
21, 0, 45
22, 0, 315
23, 0, 45
24, 0, 270
25, 0, 45
26, 0, 300
27, 0, 45
28, 0, 285
29, 0, 45
30, 0, 270
31, 0, 45
32, 0, 300
33, 0, 45
34, 0, 270
35, 0, 30
36, 0, 300
37, 0, 45
38, 0, 285
39, 0, 30
40, 0, 345
41, 0, 30
42, 0, 270
43, 0, 45
44, 0, 300
45, 0, 45
46, 0, 270
47, 0, 45
48, 0, 285
49, 0, 30
50, 0, 285
51, 0, 30
52, 0, 270
53, 0, 45
54, 0, 285
55, 0, 30
56, 0, 270
57, 0, 30
58, 0, 330
59, 0, 45
60, 0, 255
61, 0, 45
62, 0, 285
63, 0, 45
64, 0, 285
65, 0, 45
66, 0, 270
67, 0, 30
68, 0, 285
69, 0, 30
70, 0, 270
71, 0, 30
72, 0, 315
73, 0, 45
74, 0, 270
75, 0, 45
76, 0, 300
77, 0, 30
78, 0, 270
79, 0, 30
80, 0, 315
81, 0, 30
82, 0, 330
83, 0, 45
84, 0, 285
85, 0, 45
86, 0, 315
87, 0, 30
88, 0, 270
89, 0, 45
90, 0, 285
91, 0, 30
92, 0, 285
93, 0, 45
94, 0, 315
95, 0, 30
96, 0, 285
97, 0, 30
98, 0, 345
99, 0, 45
100, 0, 270
101, 0, 30
102, 0, 330
103, 0, 45
104, 0, 300
105, 0, 30
106, 0, 270
107, 0, 30
108, 0, 300
109, 0, 30
110, 0, 270
111, 0, 45
112, 0, 300
113, 0, 30
114, 0, 285
115, 0, 30
116, 0, 315
117, 0, 45
118, 0, 285
119, 0, 30
120, 0, 300
121, 0, 45
122, 0, 270
123, 0, 45
124, 0, 375
125, 0, 45
126, 0, 285
127, 0, 45
128, 0, 315
129, 0, 30
130, 0, 300
131, 0, 45
132, 0, 270
133, 0, 30
134, 0, 285
135, 0, 30
136, 0, 270
137, 0, 30
138, 0, 330
139, 0, 45
140, 0, 285
141, 0, 45
142, 0, 270
143, 0, 45
144, 0, 285
145, 0, 45
146, 0, 345
147, 0, 45
148, 0, 300
149, 0, 45
150, 0, 315
151, 0, 30
152, 0, 270
153, 0, 30
154, 0, 285
155, 0, 30
156, 0, 270
157, 0, 45
158, 0, 270
159, 0, 30
160, 0, 270
161, 0, 45
162, 0, 255
163, 0, 45
164, 0, 270
165, 0, 30
166, 0, 270
167, 0, 30
168, 0, 330
169, 0, 30
170, 0, 285
171, 0, 45
172, 0, 345
173, 0, 45
174, 0, 285
175, 0, 45
176, 0, 270
177, 0, 45
178, 0, 300
179, 0, 30
180, 0, 270
181, 0, 30
182, 0, 315
183, 0, 45
184, 0, 315
185, 0, 30
186, 0, 315
187, 0, 45
188, 0, 270
189, 0, 45
190, 0, 330
191, 0, 30
192, 0, 285
193, 0, 45
194, 0, 270
195, 0, 45
196, 0, 330
197, 0, 45
198, 0, 270
199, 0, 30
200, 0, 360
201, 0, 45
202, 0, 285
203, 0, 45
204, 0, 315
205, 0, 45
206, 0, 285
207, 0, 45
208, 0, 270
209, 0, 30
210, 0, 315
211, 0, 45
212, 0, 270
213, 0, 45
214, 0, 300
215, 0, 45
216, 0, 270
217, 0, 30
218, 0, 315
219, 0, 45
220, 0, 270
221, 0, 45
222, 0, 315
223, 0, 45
224, 0, 270
225, 0, 30
226, 0, 315
227, 0, 45
228, 0, 270
229, 0, 45
230, 0, 255
231, 0, 45
232, 0, 315
233, 0, 45
234, 0, 270
235, 0, 30
236, 0, 405
237, 0, 45
238, 0, 285
239, 0, 45
240, 0, 375
241, 0, 30
242, 0, 315
243, 0, 45
244, 0, 315
245, 0, 45
246, 0, 270
247, 0, 30
248, 0, 330
249, 0, 30
250, 0, 285
251, 0, 30
252, 0, 285
253, 0, 30
254, 0, 270
255, 0, 30
256, 0, 315
257, 0, 45
258, 0, 285
259, 0, 30
260, 0, 270
261, 0, 45
262, 0, 300
263, 0, 30
264, 0, 270
265, 0, 30
266, 0, 315
267, 0, 45
268, 0, 285
269, 0, 30
270, 0, 300
271, 0, 45
272, 0, 270
273, 0, 45
274, 0, 270
275, 0, 45
276, 0, 270
277, 0, 45
278, 0, 270
279, 0, 30
280, 0, 300
281, 0, 30
282, 0, 270
283, 0, 45
284, 0, 285
285, 0, 30
286, 0, 285
287, 0, 30
288, 0, 300
289, 0, 45
290, 0, 315
291, 0, 45
292, 0, 330
293, 0, 45
294, 0, 285
295, 0, 45
296, 0, 360
297, 0, 45
298, 0, 285
299, 0, 30
300, 0, 300
301, 0, 30
302, 0, 300
303, 0, 45
304, 0, 270
305, 0, 30
306, 0, 300
307, 0, 30
308, 0, 270
309, 0, 30
310, 0, 300
311, 0, 45
312, 0, 285
313, 0, 30
314, 0, 315
315, 0, 30
316, 0, 285
317, 0, 45
318, 0, 330
319, 0, 45
320, 0, 270
321, 0, 30
322, 0, 285
323, 0, 45
324, 0, 270
325, 0, 30
326, 0, 270
327, 0, 30
328, 0, 315
329, 0, 30
330, 0, 285
331, 0, 45
332, 0, 285
333, 0, 45
334, 0, 300
335, 0, 45
336, 0, 285
337, 0, 30
338, 0, 330
339, 0, 45
340, 0, 270
341, 0, 30
342, 0, 300
343, 0, 30
344, 0, 270
345, 0, 30
346, 0, 285
347, 0, 45
348, 0, 285
349, 0, 45
350, 0, 315
351, 0, 45
352, 0, 300
353, 0, 45
354, 0, 285
355, 0, 45
356, 0, 345
357, 0, 45
358, 0, 285
359, 0, 45
360, 0, 285
361, 0, 30
362, 0, 285
363, 0, 45
364, 0, 300
365, 0, 45
366, 0, 285
367, 0, 30
368, 0, 270
369, 0, 45
370, 0, 300
371, 0, 45
372, 0, 270
373, 0, 30
374, 0, 315
375, 0, 45
376, 0, 270
377, 0, 30
378, 0, 300
379, 0, 30
380, 0, 285
381, 0, 45
382, 0, 315
383, 0, 45
384, 0, 285
385, 0, 45
386, 0, 270
387, 0, 30
388, 0, 285
389, 0, 30
390, 0, 285
391, 0, 45
392, 0, 330
393, 0, 45
394, 0, 300
395, 0, 45
396, 0, 330
397, 0, 45
398, 0, 300
399, 0, 30
400, 0, 375
401, 0, 45
402, 0, 270
403, 0, 45
404, 0, 330
405, 0, 45
406, 0, 285
407, 0, 45
408, 0, 300
409, 0, 45
410, 0, 300
411, 0, 30
412, 0, 270
413, 0, 45
414, 0, 315
415, 0, 45
416, 0, 285
417, 0, 30
418, 0, 315
419, 0, 45
420, 0, 285
421, 0, 30
422, 0, 330
423, 0, 30
424, 0, 270
425, 0, 30
426, 0, 300
427, 0, 45
428, 0, 285
429, 0, 30
430, 0, 270
431, 0, 30
432, 0, 300
433, 0, 45
434, 0, 300
435, 0, 45
436, 0, 300
437, 0, 45
438, 0, 300
439, 0, 30
440, 0, 300
441, 0, 45
442, 0, 285
443, 0, 30
444, 0, 285
445, 0, 30
446, 0, 270
447, 0, 30
448, 0, 300
449, 0, 30
450, 0, 285
451, 0, 45
452, 0, 270
453, 0, 45
454, 0, 285
455, 0, 30
456, 0, 285
457, 0, 30
458, 0, 315
459, 0, 45
460, 0, 285
461, 0, 30
462, 0, 285
463, 0, 45
464, 0, 270
465, 0, 45
466, 0, 315
467, 0, 45
468, 0, 285
469, 0, 45
470, 0, 300
471, 0, 45
472, 0, 285
473, 0, 45
474, 0, 270
475, 0, 30
476, 0, 300
477, 0, 45
478, 0, 285
479, 0, 30
480, 0, 360
481, 0, 45
482, 0, 285
483, 0, 30
484, 0, 360
485, 0, 30
486, 0, 270
487, 0, 30
488, 0, 345
489, 0, 45
490, 0, 285
491, 0, 30
492, 0, 330
493, 0, 30
494, 0, 300
495, 0, 45
496, 0, 270
497, 0, 30
498, 0, 300
499, 0, 45
500, 0, 285
501, 0, 45
502, 0, 315
503, 0, 45
504, 0, 270
505, 0, 45
506, 0, 300
507, 0, 30
508, 0, 270
509, 0, 30
510, 0, 300
511, 0, 30
512, 0, 300
513, 0, 30
514, 0, 270
515, 0, 30
516, 0, 285
517, 0, 30
518, 0, 270
519, 0, 30
520, 0, 285
521, 0, 45
522, 0, 285
523, 0, 45
524, 0, 300
525, 0, 30
526, 0, 285
527, 0, 30
528, 0, 360
529, 0, 45
530, 0, 270
531, 0, 30
532, 0, 330
533, 0, 30
534, 0, 270
535, 0, 30
536, 0, 300
537, 0, 45
538, 0, 270
539, 0, 30
540, 0, 315
541, 0, 30
542, 0, 285
543, 0, 45
544, 0, 270
545, 0, 45
546, 0, 315
547, 0, 45
548, 0, 270
549, 0, 45
550, 0, 300
551, 0, 30
552, 0, 285
553, 0, 45
554, 0, 315
555, 0, 45
556, 0, 285
557, 0, 45
558, 0, 255
559, 0, 45
560, 0, 315
561, 0, 30
562, 0, 270
563, 0, 30
564, 0, 300
565, 0, 45
566, 0, 285
567, 0, 45
568, 0, 315
569, 0, 45
570, 0, 270
571, 0, 30
572, 0, 300
573, 0, 30
574, 0, 270
575, 0, 45
576, 0, 315
577, 0, 45
578, 0, 285
579, 0, 45
580, 0, 270
581, 0, 45
582, 0, 300
583, 0, 30
584, 0, 270
585, 0, 45
586, 0, 285
587, 0, 45
588, 0, 285
589, 0, 30
590, 0, 300
591, 0, 30
592, 0, 285
593, 0, 45
594, 0, 300
595, 0, 45
596, 0, 270
597, 0, 30
598, 0, 315
599, 0, 45
600, 0, 270
601, 0, 30
602, 0, 300
603, 0, 45
604, 0, 285
605, 0, 45
606, 0, 270
607, 0, 30
608, 0, 285
609, 0, 45
610, 0, 285
611, 0, 30
612, 0, 270
613, 0, 45
614, 0, 255
615, 0, 45
616, 0, 270
617, 0, 30
618, 0, 270
619, 0, 30
620, 0, 270
621, 0, 30
622, 0, 300
623, 0, 45
624, 0, 270
625, 0, 45
626, 0, 315
627, 0, 45
628, 0, 270
629, 0, 45
630, 0, 315
631, 0, 45
632, 0, 285
633, 0, 30
634, 0, 270
635, 0, 30
636, 0, 285
637, 0, 30
638, 0, 285
639, 0, 30
640, 0, 285
641, 0, 30
642, 0, 270
643, 0, 30
644, 0, 300
645, 0, 45
646, 0, 270
647, 0, 45
648, 0, 285
649, 0, 45
650, 0, 285
651, 0, 45
652, 0, 270
653, 0, 45
654, 0, 330
655, 0, 45
656, 0, 270
657, 0, 30
658, 0, 270
659, 0, 30
660, 0, 300
661, 0, 45
662, 0, 285
663, 0, 45
664, 0, 285
665, 0, 30
666, 0, 270
667, 0, 30
668, 0, 300
669, 0, 30
670, 0, 285
671, 0, 45
672, 0, 255
673, 0, 45
674, 0, 315
675, 0, 45
676, 0, 255
677, 0, 45
678, 0, 300
679, 0, 45
680, 0, 270
681, 0, 30
682, 0, 270
683, 0, 45
684, 0, 330
685, 0, 45
686, 0, 270
687, 0, 45
688, 0, 285
689, 0, 45
690, 0, 270
691, 0, 30
692, 0, 315
693, 0, 45
694, 0, 285
695, 0, 45
696, 0, 360
697, 0, 45
698, 0, 270
699, 0, 45
700, 0, 270
701, 0, 30
702, 0, 285
703, 0, 45
704, 0, 270
705, 0, 45
706, 0, 300
707, 0, 45
708, 0, 270
709, 0, 30
710, 0, 315
711, 0, 30
712, 0, 300
713, 0, 45
714, 0, 270
715, 0, 45
716, 0, 285
717, 0, 30
718, 0, 285
719, 0, 45
720, 0, 300
721, 0, 45
722, 0, 270
723, 0, 45
724, 0, 300
725, 0, 30
726, 0, 285
727, 0, 45
728, 0, 330
729, 0, 45
730, 0, 300
731, 0, 30
732, 0, 270
733, 0, 30
734, 0, 285
735, 0, 45
736, 0, 270
737, 0, 45
738, 0, 285
739, 0, 45
740, 0, 285
741, 0, 30
742, 0, 300
743, 0, 45
744, 0, 270
745, 0, 45
746, 0, 270
747, 0, 45
748, 0, 315
749, 0, 45
750, 0, 285
751, 0, 45
752, 0, 300
753, 0, 45
754, 0, 270
755, 0, 30
756, 0, 300
757, 0, 45
758, 0, 285
759, 0, 45
760, 0, 330
761, 0, 30
762, 0, 285
763, 0, 45
764, 0, 315
765, 0, 45
766, 0, 285
767, 0, 45
768, 0, 330
769, 0, 45
770, 0, 315
771, 0, 45
772, 0, 360
773, 0, 45
774, 0, 270
775, 0, 45
776, 0, 285
777, 0, 45
778, 0, 300
779, 0, 45
780, 0, 270
781, 0, 45
782, 0, 315
783, 0, 45
784, 0, 285
785, 0, 30
786, 0, 315
787, 0, 45
788, 0, 270
789, 0, 30
790, 0, 315
791, 0, 45
792, 0, 285
793, 0, 30
794, 0, 315
795, 0, 45
796, 0, 285
797, 0, 45
798, 0, 270
799, 0, 45
800, 0, 300
801, 0, 30
802, 0, 270
803, 0, 30
804, 0, 285
805, 0, 45
806, 0, 270
807, 0, 45
808, 0, 315
809, 0, 45
810, 0, 300
811, 0, 45
812, 0, 270
813, 0, 45
814, 0, 285
815, 0, 30
816, 0, 300
817, 0, 30
818, 0, 285
819, 0, 30
820, 0, 270
821, 0, 45
822, 0, 270
823, 0, 30
824, 0, 285
825, 0, 45
826, 0, 270
827, 0, 30
828, 0, 270
829, 0, 45
830, 0, 285
831, 0, 30
832, 0, 360
833, 0, 30
834, 0, 270
835, 0, 30
836, 0, 315
837, 0, 45
838, 0, 270
839, 0, 45
840, 0, 315
841, 0, 30
842, 0, 285
843, 0, 30
844, 0, 270
845, 0, 30
846, 0, 315
847, 0, 30
848, 0, 270
849, 0, 30
850, 0, 300
851, 0, 30
852, 0, 270
853, 0, 30
854, 0, 285
855, 0, 45
856, 0, 285
857, 0, 30
858, 0, 270
859, 0, 30
860, 0, 285
861, 0, 45
862, 0, 270
863, 0, 30
864, 0, 300
865, 0, 45
866, 0, 270
867, 0, 30
868, 0, 300
869, 0, 30
870, 0, 270
871, 0, 30
872, 0, 285
873, 0, 45
874, 0, 285
875, 0, 45
876, 0, 270
877, 0, 45
878, 0, 270
879, 0, 30
880, 0, 270
881, 0, 30
882, 0, 270
883, 0, 45
884, 0, 315
885, 0, 45
886, 0, 300
887, 0, 45
888, 0, 270
889, 0, 30
890, 0, 285
891, 0, 45
892, 0, 285
893, 0, 45
894, 0, 390
895, 0, 45
896, 0, 285
897, 0, 45
898, 0, 345
899, 0, 30
900, 0, 285
901, 0, 30
902, 0, 285
903, 0, 45
904, 0, 285
905, 0, 45
906, 0, 285
907, 0, 30
908, 0, 300
909, 0, 30
910, 0, 270
911, 0, 30
912, 0, 300
913, 0, 45
914, 0, 270
915, 0, 30
916, 0, 270
917, 0, 30
918, 0, 315
919, 0, 45
920, 0, 270
921, 0, 30
922, 0, 360
923, 0, 45
924, 0, 285
925, 0, 30
926, 0, 345
927, 0, 30
928, 0, 330
929, 0, 30
930, 0, 300
931, 0, 30
932, 0, 285
933, 0, 30
934, 0, 270
935, 0, 30
936, 0, 300
937, 0, 45
938, 0, 270
939, 0, 30
940, 0, 315
941, 0, 45
942, 0, 285
943, 0, 45
944, 0, 330
945, 0, 30
946, 0, 285
947, 0, 45
948, 0, 270
949, 0, 45
950, 0, 285
951, 0, 30
952, 0, 270
953, 0, 45
954, 0, 300
955, 0, 30
956, 0, 270
957, 0, 45
958, 0, 300
959, 0, 30
960, 0, 285
961, 0, 45
962, 0, 300
963, 0, 45
964, 0, 285
965, 0, 45
966, 0, 285
967, 0, 45
968, 0, 270
969, 0, 45
970, 0, 270
971, 0, 45
972, 0, 285
973, 0, 45
974, 0, 270
975, 0, 45
976, 0, 285
977, 0, 30
978, 0, 285
979, 0, 45
980, 0, 285
981, 0, 45
982, 0, 270
983, 0, 45
984, 0, 315
985, 0, 30
986, 0, 270
987, 0, 30
988, 0, 330
989, 0, 30
990, 0, 285
991, 0, 30
992, 0, 270
993, 0, 30
994, 0, 315
995, 0, 45
996, 0, 285
997, 0, 30
998, 0, 300
999, 0, 30
1000, 0, 285
1001, 0, 45
1002, 0, 330
1003, 0, 30
1004, 0, 270
1005, 0, 30
1006, 0, 300
1007, 0, 45
1008, 0, 285
1009, 0, 45
1010, 0, 270
1011, 0, 45
1012, 0, 285
1013, 0, 30
1014, 0, 285
1015, 0, 45
1016, 0, 285
1017, 0, 45
1018, 0, 270
1019, 0, 30
1020, 0, 300
1021, 0, 45
1022, 0, 270
1023, 0, 30
