Global frequency set at 1000000000000 ticks per second
Num of threads: 64
Redirecting stdout to /home/harpreetsc/noc/results/leukocyte-singlepair-baseline_bypass/stdout.log
Redirecting stderr to /home/harpreetsc/noc/results/leukocyte-singlepair-baseline_bypass/stderr.log
gem5 Simulator System.  http://gem5.org
gem5 is copyrighted software; use the --copyright option for details.

gem5 version 20.0.0.0
gem5 compiled Aug 24 2026 20:25:47
gem5 started Aug 29 2026 21:31:29
gem5 executing on csce-509zp54.engr.tamu.edu, pid 1246498
command line: /home/harpreetsc/noc/build/X86_MESI_Two_Level/gem5.opt --outdir=/home/harpreetsc/noc/results/leukocyte-singlepair-baseline_bypass --redirect-stdout --redirect-stderr --stdout-file=/home/harpreetsc/noc/results/leukocyte-singlepair-baseline_bypass/stdout.log --stderr-file=/home/harpreetsc/noc/results/leukocyte-singlepair-baseline_bypass/stderr.log ./configs/example/se.py --num-cpus=64 --num-dirs=64 --network=garnet2.0 --topology=Mesh_XY --mesh-row=8 --maxinsts=100000000 --ruby --caches --l2cache --num-l2caches=64 --bypass=bypass_x --max-hpc=5 --upper-limit=100 --attack-enabled --attack-rate=1 --attack-node=0 --destination-list=1,63 --target-latency=20 --cmd=/home/harpreetsc/benchmarks/rodinia_3.0/openmp/leukocyte/OpenMP/leukocyte.out '--options=20 64 /home/harpreetsc/benchmarks/rodinia_3.0/data/leukocyte/testfile.avi'

info: Standard input is not a terminal, disabling listeners.
['0']
['0']
['0']
['0']
['0']
['0']
['0']
['0']
['0']
['0']
['0']
['0']
['0']
['0']
['0']
['0']
['0']
['0']
['0']
['0']
['0']
['0']
['0']
['0']
['0']
['0']
['0']
['0']
['0']
['0']
['0']
['0']
['0']
['0']
['0']
['0']
['0']
['0']
['0']
['0']
['0']
['0']
['0']
['0']
['0']
['0']
['0']
['0']
['0']
['0']
['0']
['0']
['0']
['0']
['0']
['0']
['0']
['0']
['0']
['0']
['0']
['0']
['0']
['0']
Destinations of Attack/Secure LDs are
1 63 **** REAL SIMULATION ****
Exiting @ tick 211130147460 because a thread reached the max instruction count
